Archive member included to satisfy reference by file (symbol)

c:/st/stm32cubeide_1.9.0/stm32cubeide/plugins/com.st.stm32cube.ide.mcu.externaltools.gnu-tools-for-stm32.10.3-2021.10.win32_1.0.0.202111181127/tools/bin/../lib/gcc/arm-none-eabi/10.3.1/../../../../arm-none-eabi/lib/thumb/v6-m/nofp\libc_nano.a(lib_a-calloc.o)
                              ./Core/Src/task.o (calloc)
c:/st/stm32cubeide_1.9.0/stm32cubeide/plugins/com.st.stm32cube.ide.mcu.externaltools.gnu-tools-for-stm32.10.3-2021.10.win32_1.0.0.202111181127/tools/bin/../lib/gcc/arm-none-eabi/10.3.1/../../../../arm-none-eabi/lib/thumb/v6-m/nofp\libc_nano.a(lib_a-errno.o)
                              ./Core/Src/syscalls.o (__errno)
c:/st/stm32cubeide_1.9.0/stm32cubeide/plugins/com.st.stm32cube.ide.mcu.externaltools.gnu-tools-for-stm32.10.3-2021.10.win32_1.0.0.202111181127/tools/bin/../lib/gcc/arm-none-eabi/10.3.1/../../../../arm-none-eabi/lib/thumb/v6-m/nofp\libc_nano.a(lib_a-exit.o)
                              c:/st/stm32cubeide_1.9.0/stm32cubeide/plugins/com.st.stm32cube.ide.mcu.externaltools.gnu-tools-for-stm32.10.3-2021.10.win32_1.0.0.202111181127/tools/bin/../lib/gcc/arm-none-eabi/10.3.1/../../../../arm-none-eabi/lib/thumb/v6-m/nofp/crt0.o (exit)
c:/st/stm32cubeide_1.9.0/stm32cubeide/plugins/com.st.stm32cube.ide.mcu.externaltools.gnu-tools-for-stm32.10.3-2021.10.win32_1.0.0.202111181127/tools/bin/../lib/gcc/arm-none-eabi/10.3.1/../../../../arm-none-eabi/lib/thumb/v6-m/nofp\libc_nano.a(lib_a-impure.o)
                              c:/st/stm32cubeide_1.9.0/stm32cubeide/plugins/com.st.stm32cube.ide.mcu.externaltools.gnu-tools-for-stm32.10.3-2021.10.win32_1.0.0.202111181127/tools/bin/../lib/gcc/arm-none-eabi/10.3.1/../../../../arm-none-eabi/lib/thumb/v6-m/nofp\libc_nano.a(lib_a-exit.o) (_global_impure_ptr)
c:/st/stm32cubeide_1.9.0/stm32cubeide/plugins/com.st.stm32cube.ide.mcu.externaltools.gnu-tools-for-stm32.10.3-2021.10.win32_1.0.0.202111181127/tools/bin/../lib/gcc/arm-none-eabi/10.3.1/../../../../arm-none-eabi/lib/thumb/v6-m/nofp\libc_nano.a(lib_a-init.o)
                              c:/st/stm32cubeide_1.9.0/stm32cubeide/plugins/com.st.stm32cube.ide.mcu.externaltools.gnu-tools-for-stm32.10.3-2021.10.win32_1.0.0.202111181127/tools/bin/../lib/gcc/arm-none-eabi/10.3.1/../../../../arm-none-eabi/lib/thumb/v6-m/nofp/crt0.o (__libc_init_array)
c:/st/stm32cubeide_1.9.0/stm32cubeide/plugins/com.st.stm32cube.ide.mcu.externaltools.gnu-tools-for-stm32.10.3-2021.10.win32_1.0.0.202111181127/tools/bin/../lib/gcc/arm-none-eabi/10.3.1/../../../../arm-none-eabi/lib/thumb/v6-m/nofp\libc_nano.a(lib_a-malloc.o)
                              ./Core/Src/task.o (free)
c:/st/stm32cubeide_1.9.0/stm32cubeide/plugins/com.st.stm32cube.ide.mcu.externaltools.gnu-tools-for-stm32.10.3-2021.10.win32_1.0.0.202111181127/tools/bin/../lib/gcc/arm-none-eabi/10.3.1/../../../../arm-none-eabi/lib/thumb/v6-m/nofp\libc_nano.a(lib_a-memcpy-stub.o)
                              ./Core/Src/task.o (memcpy)
c:/st/stm32cubeide_1.9.0/stm32cubeide/plugins/com.st.stm32cube.ide.mcu.externaltools.gnu-tools-for-stm32.10.3-2021.10.win32_1.0.0.202111181127/tools/bin/../lib/gcc/arm-none-eabi/10.3.1/../../../../arm-none-eabi/lib/thumb/v6-m/nofp\libc_nano.a(lib_a-memmove.o)
                              ./Core/Src/task.o (memmove)
c:/st/stm32cubeide_1.9.0/stm32cubeide/plugins/com.st.stm32cube.ide.mcu.externaltools.gnu-tools-for-stm32.10.3-2021.10.win32_1.0.0.202111181127/tools/bin/../lib/gcc/arm-none-eabi/10.3.1/../../../../arm-none-eabi/lib/thumb/v6-m/nofp\libc_nano.a(lib_a-memset.o)
                              c:/st/stm32cubeide_1.9.0/stm32cubeide/plugins/com.st.stm32cube.ide.mcu.externaltools.gnu-tools-for-stm32.10.3-2021.10.win32_1.0.0.202111181127/tools/bin/../lib/gcc/arm-none-eabi/10.3.1/../../../../arm-none-eabi/lib/thumb/v6-m/nofp/crt0.o (memset)
c:/st/stm32cubeide_1.9.0/stm32cubeide/plugins/com.st.stm32cube.ide.mcu.externaltools.gnu-tools-for-stm32.10.3-2021.10.win32_1.0.0.202111181127/tools/bin/../lib/gcc/arm-none-eabi/10.3.1/../../../../arm-none-eabi/lib/thumb/v6-m/nofp\libc_nano.a(lib_a-nano-callocr.o)
                              c:/st/stm32cubeide_1.9.0/stm32cubeide/plugins/com.st.stm32cube.ide.mcu.externaltools.gnu-tools-for-stm32.10.3-2021.10.win32_1.0.0.202111181127/tools/bin/../lib/gcc/arm-none-eabi/10.3.1/../../../../arm-none-eabi/lib/thumb/v6-m/nofp\libc_nano.a(lib_a-calloc.o) (_calloc_r)
c:/st/stm32cubeide_1.9.0/stm32cubeide/plugins/com.st.stm32cube.ide.mcu.externaltools.gnu-tools-for-stm32.10.3-2021.10.win32_1.0.0.202111181127/tools/bin/../lib/gcc/arm-none-eabi/10.3.1/../../../../arm-none-eabi/lib/thumb/v6-m/nofp\libc_nano.a(lib_a-nano-freer.o)
                              c:/st/stm32cubeide_1.9.0/stm32cubeide/plugins/com.st.stm32cube.ide.mcu.externaltools.gnu-tools-for-stm32.10.3-2021.10.win32_1.0.0.202111181127/tools/bin/../lib/gcc/arm-none-eabi/10.3.1/../../../../arm-none-eabi/lib/thumb/v6-m/nofp\libc_nano.a(lib_a-malloc.o) (_free_r)
[...]
Memory Configuration

Name             Origin             Length             Attributes
RAM              0x0000000020000000 0x0000000000002000 xrw
FLASH            0x0000000008000000 0x0000000000008000 xr
*default*        0x0000000000000000 0xffffffffffffffff

Linker script and memory map

LOAD c:/st/stm32cubeide_1.9.0/stm32cubeide/plugins/com.st.stm32cube.ide.mcu.externaltools.gnu-tools-for-stm32.10.3-2021.10.win32_1.0.0.202111181127/tools/bin/../lib/gcc/arm-none-eabi/10.3.1/thumb/v6-m/nofp/crti.o
LOAD c:/st/stm32cubeide_1.9.0/stm32cubeide/plugins/com.st.stm32cube.ide.mcu.externaltools.gnu-tools-for-stm32.10.3-2021.10.win32_1.0.0.202111181127/tools/bin/../lib/gcc/arm-none-eabi/10.3.1/thumb/v6-m/nofp/crtbegin.o
LOAD c:/st/stm32cubeide_1.9.0/stm32cubeide/plugins/com.st.stm32cube.ide.mcu.externaltools.gnu-tools-for-stm32.10.3-2021.10.win32_1.0.0.202111181127/tools/bin/../lib/gcc/arm-none-eabi/10.3.1/../../../../arm-none-eabi/lib/thumb/v6-m/nofp/crt0.o
LOAD ./Core/Src/DS3231.o
LOAD ./Core/Src/SK6812.o
LOAD ./Core/Src/fonts.o
LOAD ./Core/Src/main.o
LOAD ./Core/Src/ssd1306.o
LOAD ./Core/Src/stm32l0xx_EEPROM.o
LOAD ./Core/Src/stm32l0xx_hal_msp.o
LOAD ./Core/Src/stm32l0xx_it.o
LOAD ./Core/Src/syscalls.o
LOAD ./Core/Src/sysmem.o
LOAD ./Core/Src/system_stm32l0xx.o
LOAD ./Core/Src/task.o
LOAD ./Core/Startup/startup_stm32l052k6tx.o
LOAD ./Drivers/STM32L0xx_HAL_Driver/Src/stm32l0xx_hal.o
LOAD ./Drivers/STM32L0xx_HAL_Driver/Src/stm32l0xx_hal_adc.o
LOAD ./Drivers/STM32L0xx_HAL_Driver/Src/stm32l0xx_hal_adc_ex.o
LOAD ./Drivers/STM32L0xx_HAL_Driver/Src/stm32l0xx_hal_cortex.o
LOAD ./Drivers/STM32L0xx_HAL_Driver/Src/stm32l0xx_hal_dma.o
LOAD ./Drivers/STM32L0xx_HAL_Driver/Src/stm32l0xx_hal_exti.o
LOAD ./Drivers/STM32L0xx_HAL_Driver/Src/stm32l0xx_hal_flash.o
LOAD ./Drivers/STM32L0xx_HAL_Driver/Src/stm32l0xx_hal_flash_ex.o
LOAD ./Drivers/STM32L0xx_HAL_Driver/Src/stm32l0xx_hal_flash_ramfunc.o
LOAD ./Drivers/STM32L0xx_HAL_Driver/Src/stm32l0xx_hal_gpio.o
LOAD ./Drivers/STM32L0xx_HAL_Driver/Src/stm32l0xx_hal_i2c.o
LOAD ./Drivers/STM32L0xx_HAL_Driver/Src/stm32l0xx_hal_i2c_ex.o
LOAD ./Drivers/STM32L0xx_HAL_Driver/Src/stm32l0xx_hal_pwr.o
LOAD ./Drivers/STM32L0xx_HAL_Driver/Src/stm32l0xx_hal_pwr_ex.o
LOAD ./Drivers/STM32L0xx_HAL_Driver/Src/stm32l0xx_hal_rcc.o
LOAD ./Drivers/STM32L0xx_HAL_Driver/Src/stm32l0xx_hal_rcc_ex.o
LOAD ./Drivers/STM32L0xx_HAL_Driver/Src/stm32l0xx_hal_spi.o
LOAD ./Drivers/STM32L0xx_HAL_Driver/Src/stm32l0xx_hal_tim.o
LOAD ./Drivers/STM32L0xx_HAL_Driver/Src/stm32l0xx_hal_tim_ex.o
START GROUP
LOAD c:/st/stm32cubeide_1.9.0/stm32cubeide/plugins/com.st.stm32cube.ide.mcu.externaltools.gnu-tools-for-stm32.10.3-2021.10.win32_1.0.0.202111181127/tools/bin/../lib/gcc/arm-none-eabi/10.3.1/../../../../arm-none-eabi/lib/thumb/v6-m/nofp\libc_nano.a
LOAD c:/st/stm32cubeide_1.9.0/stm32cubeide/plugins/com.st.stm32cube.ide.mcu.externaltools.gnu-tools-for-stm32.10.3-2021.10.win32_1.0.0.202111181127/tools/bin/../lib/gcc/arm-none-eabi/10.3.1/../../../../arm-none-eabi/lib/thumb/v6-m/nofp\libm.a
END GROUP
START GROUP
LOAD c:/st/stm32cubeide_1.9.0/stm32cubeide/plugins/com.st.stm32cube.ide.mcu.externaltools.gnu-tools-for-stm32.10.3-2021.10.win32_1.0.0.202111181127/tools/bin/../lib/gcc/arm-none-eabi/10.3.1/thumb/v6-m/nofp\libgcc.a
LOAD c:/st/stm32cubeide_1.9.0/stm32cubeide/plugins/com.st.stm32cube.ide.mcu.externaltools.gnu-tools-for-stm32.10.3-2021.10.win32_1.0.0.202111181127/tools/bin/../lib/gcc/arm-none-eabi/10.3.1/../../../../arm-none-eabi/lib/thumb/v6-m/nofp\libc_nano.a
END GROUP
START GROUP
LOAD c:/st/stm32cubeide_1.9.0/stm32cubeide/plugins/com.st.stm32cube.ide.mcu.externaltools.gnu-tools-for-stm32.10.3-2021.10.win32_1.0.0.202111181127/tools/bin/../lib/gcc/arm-none-eabi/10.3.1/thumb/v6-m/nofp\libgcc.a
LOAD c:/st/stm32cubeide_1.9.0/stm32cubeide/plugins/com.st.stm32cube.ide.mcu.externaltools.gnu-tools-for-stm32.10.3-2021.10.win32_1.0.0.202111181127/tools/bin/../lib/gcc/arm-none-eabi/10.3.1/../../../../arm-none-eabi/lib/thumb/v6-m/nofp\libc_nano.a
LOAD c:/st/stm32cubeide_1.9.0/stm32cubeide/plugins/com.st.stm32cube.ide.mcu.externaltools.gnu-tools-for-stm32.10.3-2021.10.win32_1.0.0.202111181127/tools/bin/../lib/gcc/arm-none-eabi/10.3.1/../../../../arm-none-eabi/lib/thumb/v6-m/nofp\libnosys.a
END GROUP
START GROUP
LOAD c:/st/stm32cubeide_1.9.0/stm32cubeide/plugins/com.st.stm32cube.ide.mcu.externaltools.gnu-tools-for-stm32.10.3-2021.10.win32_1.0.0.202111181127/tools/bin/../lib/gcc/arm-none-eabi/10.3.1/thumb/v6-m/nofp\libgcc.a
LOAD c:/st/stm32cubeide_1.9.0/stm32cubeide/plugins/com.st.stm32cube.ide.mcu.externaltools.gnu-tools-for-stm32.10.3-2021.10.win32_1.0.0.202111181127/tools/bin/../lib/gcc/arm-none-eabi/10.3.1/../../../../arm-none-eabi/lib/thumb/v6-m/nofp\libc_nano.a
LOAD c:/st/stm32cubeide_1.9.0/stm32cubeide/plugins/com.st.stm32cube.ide.mcu.externaltools.gnu-tools-for-stm32.10.3-2021.10.win32_1.0.0.202111181127/tools/bin/../lib/gcc/arm-none-eabi/10.3.1/../../../../arm-none-eabi/lib/thumb/v6-m/nofp\libnosys.a
END GROUP
LOAD c:/st/stm32cubeide_1.9.0/stm32cubeide/plugins/com.st.stm32cube.ide.mcu.externaltools.gnu-tools-for-stm32.10.3-2021.10.win32_1.0.0.202111181127/tools/bin/../lib/gcc/arm-none-eabi/10.3.1/thumb/v6-m/nofp/crtend.o
LOAD c:/st/stm32cubeide_1.9.0/stm32cubeide/plugins/com.st.stm32cube.ide.mcu.externaltools.gnu-tools-for-stm32.10.3-2021.10.win32_1.0.0.202111181127/tools/bin/../lib/gcc/arm-none-eabi/10.3.1/thumb/v6-m/nofp/crtn.o
                0x0000000020002000                _estack = (ORIGIN (RAM) + LENGTH (RAM))
                0x0000000000000200                _Min_Heap_Size = 0x200
                0x0000000000000400                _Min_Stack_Size = 0x400

.isr_vector     0x0000000008000000       0xc0
                0x0000000008000000                . = ALIGN (0x4)
 *(.isr_vector)
 .isr_vector    0x0000000008000000       0xc0 ./Core/Startup/startup_stm32l052k6tx.o
                0x0000000008000000                g_pfnVectors
                0x00000000080000c0                . = ALIGN (0x4)

.text           0x00000000080000c0     0x5b54
                0x00000000080000c0                . = ALIGN (0x4)
 *(.text)
 .text          0x00000000080000c0       0x48 c:/st/stm32cubeide_1.9.0/stm32cubeide/plugins/com.st.stm32cube.ide.mcu.externaltools.gnu-tools-for-stm32.10.3-2021.10.win32_1.0.0.202111181127/tools/bin/../lib/gcc/arm-none-eabi/10.3.1/thumb/v6-m/nofp/crtbegin.o
 .text          0x0000000008000108       0x14 c:/st/stm32cubeide_1.9.0/stm32cubeide/plugins/com.st.stm32cube.ide.mcu.externaltools.gnu-tools-for-stm32.10.3-2021.10.win32_1.0.0.202111181127/tools/bin/../lib/gcc/arm-none-eabi/10.3.1/../../../../arm-none-eabi/lib/thumb/v6-m/nofp\libc_nano.a(lib_a-strcmp.o)
                0x0000000008000108                strcmp
 .text          0x000000000800011c       0x14 c:/st/stm32cubeide_1.9.0/stm32cubeide/plugins/com.st.stm32cube.ide.mcu.externaltools.gnu-tools-for-stm32.10.3-2021.10.win32_1.0.0.202111181127/tools/bin/../lib/gcc/arm-none-eabi/10.3.1/thumb/v6-m/nofp\libgcc.a(_thumb1_case_uqi.o)
                0x000000000800011c                __gnu_thumb1_case_uqi
 .text          0x0000000008000130       0x14 c:/st/stm32cubeide_1.9.0/stm32cubeide/plugins/com.st.stm32cube.ide.mcu.externaltools.gnu-tools-for-stm32.10.3-2021.10.win32_1.0.0.202111181127/tools/bin/../lib/gcc/arm-none-eabi/10.3.1/thumb/v6-m/nofp\libgcc.a(_thumb1_case_shi.o)
                0x0000000008000130                __gnu_thumb1_case_shi
 .text          0x0000000008000144      0x114 c:/st/stm32cubeide_1.9.0/stm32cubeide/plugins/com.st.stm32cube.ide.mcu.externaltools.gnu-tools-for-stm32.10.3-2021.10.win32_1.0.0.202111181127/tools/bin/../lib/gcc/arm-none-eabi/10.3.1/thumb/v6-m/nofp\libgcc.a(_udivsi3.o)
                0x0000000008000144                __aeabi_uidiv
                0x0000000008000144                __udivsi3
                0x0000000008000250                __aeabi_uidivmod
 .text          0x0000000008000258        0x4 c:/st/stm32cubeide_1.9.0/stm32cubeide/plugins/com.st.stm32cube.ide.mcu.externaltools.gnu-tools-for-stm32.10.3-2021.10.win32_1.0.0.202111181127/tools/bin/../lib/gcc/arm-none-eabi/10.3.1/thumb/v6-m/nofp\libgcc.a(_dvmd_tls.o)
                0x0000000008000258                __aeabi_idiv0
                0x0000000008000258                __aeabi_ldiv0
 .text          0x000000000800025c       0x40 c:/st/stm32cubeide_1.9.0/stm32cubeide/plugins/com.st.stm32cube.ide.mcu.externaltools.gnu-tools-for-stm32.10.3-2021.10.win32_1.0.0.202111181127/tools/bin/../lib/gcc/arm-none-eabi/10.3.1/thumb/v6-m/nofp\libgcc.a(_aeabi_uldivmod.o)
                0x000000000800025c                __aeabi_uldivmod
 .text          0x000000000800029c       0x5c c:/st/stm32cubeide_1.9.0/stm32cubeide/plugins/com.st.stm32cube.ide.mcu.externaltools.gnu-tools-for-stm32.10.3-2021.10.win32_1.0.0.202111181127/tools/bin/../lib/gcc/arm-none-eabi/10.3.1/thumb/v6-m/nofp\libgcc.a(_muldi3.o)
                0x000000000800029c                __muldi3
                0x000000000800029c                __aeabi_lmul
 .text          0x00000000080002f8      0x198 c:/st/stm32cubeide_1.9.0/stm32cubeide/plugins/com.st.stm32cube.ide.mcu.externaltools.gnu-tools-for-stm32.10.3-2021.10.win32_1.0.0.202111181127/tools/bin/../lib/gcc/arm-none-eabi/10.3.1/thumb/v6-m/nofp\libgcc.a(_udivmoddi4.o)
                0x00000000080002f8                __udivmoddi4
 .text          0x0000000008000490       0x18 c:/st/stm32cubeide_1.9.0/stm32cubeide/plugins/com.st.stm32cube.ide.mcu.externaltools.gnu-tools-for-stm32.10.3-2021.10.win32_1.0.0.202111181127/tools/bin/../lib/gcc/arm-none-eabi/10.3.1/thumb/v6-m/nofp\libgcc.a(_clzdi2.o)
                0x0000000008000490                __clzdi2
 .text          0x00000000080004a8       0x3c c:/st/stm32cubeide_1.9.0/stm32cubeide/plugins/com.st.stm32cube.ide.mcu.externaltools.gnu-tools-for-stm32.10.3-2021.10.win32_1.0.0.202111181127/tools/bin/../lib/gcc/arm-none-eabi/10.3.1/thumb/v6-m/nofp\libgcc.a(_clzsi2.o)
                0x00000000080004a8                __clzsi2
 *(.text*)
 .text.DS3231_set_time
                0x00000000080004e4       0x70 ./Core/Src/DS3231.o
                0x00000000080004e4                DS3231_set_time
 .text.DS3231_get_time
                0x0000000008000554       0xbc ./Core/Src/DS3231.o
                0x0000000008000554                DS3231_get_time
 .text.DS3231_set_date
                0x0000000008000610       0x70 ./Core/Src/DS3231.o
                0x0000000008000610                DS3231_set_date
 .text.DS3231_get_date
                0x0000000008000680       0xb8 ./Core/Src/DS3231.o
                0x0000000008000680                DS3231_get_date
 .text.led_color
                0x0000000008000738       0x18 ./Core/Src/SK6812.o
                0x0000000008000738                led_color
 .text.led_update
                0x0000000008000750       0x54 ./Core/Src/SK6812.o
                0x0000000008000750                led_update
 .text.led_clear
                0x00000000080007a4       0x14 ./Core/Src/SK6812.o
                0x00000000080007a4                led_clear
 .text.led_cmp  0x00000000080007b8       0x3c ./Core/Src/SK6812.o
                0x00000000080007b8                led_cmp
 .text.SystemClock_Config
                0x00000000080007f4       0x98 ./Core/Src/main.o
                0x00000000080007f4                SystemClock_Config
 .text.startup.main
                0x000000000800088c      0x238 ./Core/Src/main.o
                0x000000000800088c                main
 .text.Error_Handler
                0x0000000008000ac4        0x4 ./Core/Src/main.o
                0x0000000008000ac4                Error_Handler
 .text.SSD1306_Fill
                0x0000000008000ac8       0x1c ./Core/Src/ssd1306.o
                0x0000000008000ac8                SSD1306_Fill
 .text.SSD1306_DrawPixel
                0x0000000008000ae4       0x50 ./Core/Src/ssd1306.o
                0x0000000008000ae4                SSD1306_DrawPixel
 .text.SSD1306_GotoXY
                0x0000000008000b34        0xc ./Core/Src/ssd1306.o
                0x0000000008000b34                SSD1306_GotoXY
 .text.SSD1306_Putc
                0x0000000008000b40       0x6c ./Core/Src/ssd1306.o
                0x0000000008000b40                SSD1306_Putc
 .text.SSD1306_Puts
                0x0000000008000bac       0x24 ./Core/Src/ssd1306.o
                0x0000000008000bac                SSD1306_Puts
 .text.SSD1306_DrawLine
                0x0000000008000bd0      0x136 ./Core/Src/ssd1306.o
                0x0000000008000bd0                SSD1306_DrawLine
 .text.SSD1306_DrawRectangle
                0x0000000008000d06       0x7c ./Core/Src/ssd1306.o
                0x0000000008000d06                SSD1306_DrawRectangle
 .text.SSD1306_DrawFilledRectangle
                0x0000000008000d82       0x5e ./Core/Src/ssd1306.o
                0x0000000008000d82                SSD1306_DrawFilledRectangle
 .text.SSD1306_Clear
                0x0000000008000de0        0xa ./Core/Src/ssd1306.o
                0x0000000008000de0                SSD1306_Clear
 *fill*         0x0000000008000dea        0x2 
 .text.ssd1306_I2C_WriteMulti
                0x0000000008000dec       0x34 ./Core/Src/ssd1306.o
                0x0000000008000dec                ssd1306_I2C_WriteMulti
 .text.ssd1306_I2C_Write
                0x0000000008000e20       0x20 ./Core/Src/ssd1306.o
                0x0000000008000e20                ssd1306_I2C_Write
 .text.SSD1306_UpdateScreen
                0x0000000008000e40       0x44 ./Core/Src/ssd1306.o
                0x0000000008000e40                SSD1306_UpdateScreen
 .text.SSD1306_Init
                0x0000000008000e84      0x15c ./Core/Src/ssd1306.o
                0x0000000008000e84                SSD1306_Init
 .text.eepWriteData
                0x0000000008000fe0       0x20 ./Core/Src/stm32l0xx_EEPROM.o
                0x0000000008000fe0                eepWriteData
 .text.eepReadData
                0x0000000008001000       0x10 ./Core/Src/stm32l0xx_EEPROM.o
                0x0000000008001000                eepReadData
 .text.HAL_MspInit
                0x0000000008001010       0x1c ./Core/Src/stm32l0xx_hal_msp.o
                0x0000000008001010                HAL_MspInit
 .text.HAL_ADC_MspInit
                0x000000000800102c       0x50 ./Core/Src/stm32l0xx_hal_msp.o
                0x000000000800102c                HAL_ADC_MspInit
 .text.HAL_I2C_MspInit
                0x000000000800107c       0x5c ./Core/Src/stm32l0xx_hal_msp.o
                0x000000000800107c                HAL_I2C_MspInit
 .text.HAL_SPI_MspInit
                0x00000000080010d8       0x8c ./Core/Src/stm32l0xx_hal_msp.o
                0x00000000080010d8                HAL_SPI_MspInit
 .text.HAL_TIM_Base_MspInit
                0x0000000008001164       0x1c ./Core/Src/stm32l0xx_hal_msp.o
                0x0000000008001164                HAL_TIM_Base_MspInit
 .text.NMI_Handler
                0x0000000008001180        0x2 ./Core/Src/stm32l0xx_it.o
                0x0000000008001180                NMI_Handler
 .text.HardFault_Handler
                0x0000000008001182        0x2 ./Core/Src/stm32l0xx_it.o
                0x0000000008001182                HardFault_Handler
 .text.SVC_Handler
                0x0000000008001184        0x2 ./Core/Src/stm32l0xx_it.o
                0x0000000008001184                SVC_Handler
 .text.PendSV_Handler
                0x0000000008001186        0x2 ./Core/Src/stm32l0xx_it.o
                0x0000000008001186                PendSV_Handler
 .text.SysTick_Handler
                0x0000000008001188        0x8 ./Core/Src/stm32l0xx_it.o
                0x0000000008001188                SysTick_Handler
 .text.DMA1_Channel2_3_IRQHandler
                0x0000000008001190       0x10 ./Core/Src/stm32l0xx_it.o
                0x0000000008001190                DMA1_Channel2_3_IRQHandler
 .text.TIM2_IRQHandler
                0x00000000080011a0       0x10 ./Core/Src/stm32l0xx_it.o
                0x00000000080011a0                TIM2_IRQHandler
 .text._sbrk    0x00000000080011b0       0x40 ./Core/Src/sysmem.o
                0x00000000080011b0                _sbrk
 .text.SystemInit
                0x00000000080011f0        0x2 ./Core/Src/system_stm32l0xx.o
                0x00000000080011f0                SystemInit
 *fill*         0x00000000080011f2        0x2 
 .text.ssd1306_putsXY
                0x00000000080011f4       0x20 ./Core/Src/task.o
                0x00000000080011f4                ssd1306_putsXY
 .text.array_puts
                0x0000000008001214       0x50 ./Core/Src/task.o
                0x0000000008001214                array_puts
 .text.get_time
                0x0000000008001264       0x20 ./Core/Src/task.o
                0x0000000008001264                get_time
 .text.set_time
                0x0000000008001284       0x20 ./Core/Src/task.o
                0x0000000008001284                set_time
 .text.get_adc  0x00000000080012a4       0x58 ./Core/Src/task.o
                0x00000000080012a4                get_adc
 .text.get_sel  0x00000000080012fc       0x6c ./Core/Src/task.o
                0x00000000080012fc                get_sel
 .text.read_sw  0x0000000008001368       0x3c ./Core/Src/task.o
                0x0000000008001368                read_sw
 .text.led_display
                0x00000000080013a4       0x50 ./Core/Src/task.o
                0x00000000080013a4                led_display
 .text.main_menu
                0x00000000080013f4      0x1c8 ./Core/Src/task.o
                0x00000000080013f4                main_menu
 .text.input_string
                0x00000000080015bc      0x234 ./Core/Src/task.o
                0x00000000080015bc                input_string
 .text.logShift
                0x00000000080017f0      0x19c ./Core/Src/task.o
                0x00000000080017f0                logShift
 .text.start    0x000000000800198c       0xc4 ./Core/Src/task.o
                0x000000000800198c                start
 .text.time_setting
                0x0000000008001a50      0x144 ./Core/Src/task.o
                0x0000000008001a50                time_setting
 .text.position_set
                0x0000000008001b94      0x17c ./Core/Src/task.o
                0x0000000008001b94                position_set
 .text.save_mode
                0x0000000008001d10      0x2c4 ./Core/Src/task.o
                0x0000000008001d10                save_mode
 .text.part_refill
                0x0000000008001fd4       0xe4 ./Core/Src/task.o
                0x0000000008001fd4                part_refill
 .text.part_use
                0x00000000080020b8      0x1d4 ./Core/Src/task.o
                0x00000000080020b8                part_use
 .text.use_mode
                0x000000000800228c      0x240 ./Core/Src/task.o
                0x000000000800228c                use_mode
 .text.find_reslut
                0x00000000080024cc      0x2b0 ./Core/Src/task.o
                0x00000000080024cc                find_reslut
 .text.find_mode
                0x000000000800277c       0xf0 ./Core/Src/task.o
                0x000000000800277c                find_mode
 .text.partition_save
                0x000000000800286c      0x1b4 ./Core/Src/task.o
                0x000000000800286c                partition_save
 .text.partition_mode
                0x0000000008002a20      0x27c ./Core/Src/task.o
                0x0000000008002a20                partition_mode
 .text.log_detail
                0x0000000008002c9c       0x58 ./Core/Src/task.o
                0x0000000008002c9c                log_detail
 .text.log_mode
                0x0000000008002cf4      0x130 ./Core/Src/task.o
                0x0000000008002cf4                log_mode
 .text.play     0x0000000008002e24       0x14 ./Core/Src/task.o
                0x0000000008002e24                play
 .text.PSDrawers_Initialized
                0x0000000008002e38       0x4c ./Core/Src/task.o
                0x0000000008002e38                PSDrawers_Initialized
 .text.PSDrawers_Main
                0x0000000008002e84       0x10 ./Core/Src/task.o
                0x0000000008002e84                PSDrawers_Main
 .text.HAL_TIM_PeriodElapsedCallback
                0x0000000008002e94       0xe0 ./Core/Src/task.o
                0x0000000008002e94                HAL_TIM_PeriodElapsedCallback
 .text.Reset_Handler
                0x0000000008002f74       0x50 ./Core/Startup/startup_stm32l052k6tx.o
                0x0000000008002f74                Reset_Handler
 .text.Default_Handler
                0x0000000008002fc4        0x2 ./Core/Startup/startup_stm32l052k6tx.o
                0x0000000008002fc4                TSC_IRQHandler
                0x0000000008002fc4                ADC1_COMP_IRQHandler
                0x0000000008002fc4                PVD_IRQHandler
                0x0000000008002fc4                I2C1_IRQHandler
                0x0000000008002fc4                RCC_CRS_IRQHandler
                0x0000000008002fc4                SPI1_IRQHandler
                0x0000000008002fc4                TIM6_DAC_IRQHandler
                0x0000000008002fc4                EXTI2_3_IRQHandler
                0x0000000008002fc4                I2C2_IRQHandler
                0x0000000008002fc4                RTC_IRQHandler
                0x0000000008002fc4                DMA1_Channel4_5_6_7_IRQHandler
                0x0000000008002fc4                EXTI4_15_IRQHandler
                0x0000000008002fc4                DMA1_Channel1_IRQHandler
                0x0000000008002fc4                Default_Handler
                0x0000000008002fc4                TIM22_IRQHandler
                0x0000000008002fc4                EXTI0_1_IRQHandler
                0x0000000008002fc4                USB_IRQHandler
                0x0000000008002fc4                SPI2_IRQHandler
                0x0000000008002fc4                TIM21_IRQHandler
                0x0000000008002fc4                WWDG_IRQHandler
                0x0000000008002fc4                USART2_IRQHandler
                0x0000000008002fc4                FLASH_IRQHandler
                0x0000000008002fc4                USART1_IRQHandler
                0x0000000008002fc4                RNG_LPUART1_IRQHandler
                0x0000000008002fc4                LPTIM1_IRQHandler
 *fill*         0x0000000008002fc6        0x2 
 .text.HAL_InitTick
                0x0000000008002fc8       0x48 ./Drivers/STM32L0xx_HAL_Driver/Src/stm32l0xx_hal.o
                0x0000000008002fc8                HAL_InitTick
 .text.HAL_Init
                0x0000000008003010       0x28 ./Drivers/STM32L0xx_HAL_Driver/Src/stm32l0xx_hal.o
                0x0000000008003010                HAL_Init
 .text.HAL_IncTick
                0x0000000008003038       0x18 ./Drivers/STM32L0xx_HAL_Driver/Src/stm32l0xx_hal.o
                0x0000000008003038                HAL_IncTick
 .text.HAL_GetTick
                0x0000000008003050        0xc ./Drivers/STM32L0xx_HAL_Driver/Src/stm32l0xx_hal.o
                0x0000000008003050                HAL_GetTick
 .text.HAL_Delay
                0x000000000800305c       0x24 ./Drivers/STM32L0xx_HAL_Driver/Src/stm32l0xx_hal.o
                0x000000000800305c                HAL_Delay
 .text.ADC_DelayMicroSecond
                0x0000000008003080       0x2c ./Drivers/STM32L0xx_HAL_Driver/Src/stm32l0xx_hal_adc.o
 .text.ADC_Disable
                0x00000000080030ac       0x70 ./Drivers/STM32L0xx_HAL_Driver/Src/stm32l0xx_hal_adc.o
 .text.ADC_Enable
                0x000000000800311c       0x78 ./Drivers/STM32L0xx_HAL_Driver/Src/stm32l0xx_hal_adc.o
 .text.ADC_ConversionStop
                0x0000000008003194       0x5a ./Drivers/STM32L0xx_HAL_Driver/Src/stm32l0xx_hal_adc.o
 *fill*         0x00000000080031ee        0x2 
 .text.HAL_ADC_Init
                0x00000000080031f0      0x1b4 ./Drivers/STM32L0xx_HAL_Driver/Src/stm32l0xx_hal_adc.o
                0x00000000080031f0                HAL_ADC_Init
 .text.HAL_ADC_Start
                0x00000000080033a4       0x58 ./Drivers/STM32L0xx_HAL_Driver/Src/stm32l0xx_hal_adc.o
                0x00000000080033a4                HAL_ADC_Start
 .text.HAL_ADC_Stop
                0x00000000080033fc       0x3c ./Drivers/STM32L0xx_HAL_Driver/Src/stm32l0xx_hal_adc.o
                0x00000000080033fc                HAL_ADC_Stop
 .text.HAL_ADC_PollForConversion
                0x0000000008003438       0xc8 ./Drivers/STM32L0xx_HAL_Driver/Src/stm32l0xx_hal_adc.o
                0x0000000008003438                HAL_ADC_PollForConversion
 .text.HAL_ADC_GetValue
                0x0000000008003500        0x6 ./Drivers/STM32L0xx_HAL_Driver/Src/stm32l0xx_hal_adc.o
                0x0000000008003500                HAL_ADC_GetValue
 *fill*         0x0000000008003506        0x2 
 .text.HAL_ADC_ConfigChannel
                0x0000000008003508       0xa8 ./Drivers/STM32L0xx_HAL_Driver/Src/stm32l0xx_hal_adc.o
                0x0000000008003508                HAL_ADC_ConfigChannel
 .text.HAL_NVIC_SetPriority
                0x00000000080035b0       0x54 ./Drivers/STM32L0xx_HAL_Driver/Src/stm32l0xx_hal_cortex.o
                0x00000000080035b0                HAL_NVIC_SetPriority
 .text.HAL_NVIC_EnableIRQ
                0x0000000008003604       0x18 ./Drivers/STM32L0xx_HAL_Driver/Src/stm32l0xx_hal_cortex.o
                0x0000000008003604                HAL_NVIC_EnableIRQ
 .text.HAL_SYSTICK_Config
                0x000000000800361c       0x34 ./Drivers/STM32L0xx_HAL_Driver/Src/stm32l0xx_hal_cortex.o
                0x000000000800361c                HAL_SYSTICK_Config
 .text.HAL_DMA_Init
                0x0000000008003650       0x88 ./Drivers/STM32L0xx_HAL_Driver/Src/stm32l0xx_hal_dma.o
                0x0000000008003650                HAL_DMA_Init
 .text.HAL_DMA_Start_IT
                0x00000000080036d8       0x80 ./Drivers/STM32L0xx_HAL_Driver/Src/stm32l0xx_hal_dma.o
                0x00000000080036d8                HAL_DMA_Start_IT
 .text.HAL_DMA_IRQHandler
                0x0000000008003758       0x96 ./Drivers/STM32L0xx_HAL_Driver/Src/stm32l0xx_hal_dma.o
                0x0000000008003758                HAL_DMA_IRQHandler
 *fill*         0x00000000080037ee        0x2 
 .text.FLASH_SetErrorCode
                0x00000000080037f0       0xac ./Drivers/STM32L0xx_HAL_Driver/Src/stm32l0xx_hal_flash.o
 .text.FLASH_WaitForLastOperation
                0x000000000800389c       0x74 ./Drivers/STM32L0xx_HAL_Driver/Src/stm32l0xx_hal_flash.o
                0x000000000800389c                FLASH_WaitForLastOperation
 .text.HAL_FLASHEx_DATAEEPROM_Unlock
                0x0000000008003910       0x30 ./Drivers/STM32L0xx_HAL_Driver/Src/stm32l0xx_hal_flash_ex.o
                0x0000000008003910                HAL_FLASHEx_DATAEEPROM_Unlock
 .text.HAL_FLASHEx_DATAEEPROM_Lock
                0x0000000008003940       0x14 ./Drivers/STM32L0xx_HAL_Driver/Src/stm32l0xx_hal_flash_ex.o
                0x0000000008003940                HAL_FLASHEx_DATAEEPROM_Lock
 .text.HAL_FLASHEx_DATAEEPROM_Program
                0x0000000008003954       0x54 ./Drivers/STM32L0xx_HAL_Driver/Src/stm32l0xx_hal_flash_ex.o
                0x0000000008003954                HAL_FLASHEx_DATAEEPROM_Program
 .text.HAL_GPIO_Init
                0x00000000080039a8      0x180 ./Drivers/STM32L0xx_HAL_Driver/Src/stm32l0xx_hal_gpio.o
                0x00000000080039a8                HAL_GPIO_Init
 .text.HAL_GPIO_ReadPin
                0x0000000008003b28        0xc ./Drivers/STM32L0xx_HAL_Driver/Src/stm32l0xx_hal_gpio.o
                0x0000000008003b28                HAL_GPIO_ReadPin
 .text.HAL_GPIO_WritePin
                0x0000000008003b34        0xc ./Drivers/STM32L0xx_HAL_Driver/Src/stm32l0xx_hal_gpio.o
                0x0000000008003b34                HAL_GPIO_WritePin
 .text.I2C_Flush_TXDR
                0x0000000008003b40       0x1c ./Drivers/STM32L0xx_HAL_Driver/Src/stm32l0xx_hal_i2c.o
 .text.I2C_TransferConfig
                0x0000000008003b5c       0x28 ./Drivers/STM32L0xx_HAL_Driver/Src/stm32l0xx_hal_i2c.o
 .text.I2C_IsAcknowledgeFailed
                0x0000000008003b84       0x88 ./Drivers/STM32L0xx_HAL_Driver/Src/stm32l0xx_hal_i2c.o
 .text.I2C_WaitOnTXISFlagUntilTimeout
                0x0000000008003c0c       0x54 ./Drivers/STM32L0xx_HAL_Driver/Src/stm32l0xx_hal_i2c.o
 .text.I2C_WaitOnRXNEFlagUntilTimeout
                0x0000000008003c60       0x80 ./Drivers/STM32L0xx_HAL_Driver/Src/stm32l0xx_hal_i2c.o
 .text.I2C_WaitOnFlagUntilTimeout
                0x0000000008003ce0       0x50 ./Drivers/STM32L0xx_HAL_Driver/Src/stm32l0xx_hal_i2c.o
 .text.I2C_WaitOnSTOPFlagUntilTimeout
                0x0000000008003d30       0x50 ./Drivers/STM32L0xx_HAL_Driver/Src/stm32l0xx_hal_i2c.o
 .text.HAL_I2C_Init
                0x0000000008003d80       0xac ./Drivers/STM32L0xx_HAL_Driver/Src/stm32l0xx_hal_i2c.o
                0x0000000008003d80                HAL_I2C_Init
 .text.HAL_I2C_Master_Transmit
                0x0000000008003e2c      0x124 ./Drivers/STM32L0xx_HAL_Driver/Src/stm32l0xx_hal_i2c.o
                0x0000000008003e2c                HAL_I2C_Master_Transmit
 .text.HAL_I2C_Master_Receive
                0x0000000008003f50      0x124 ./Drivers/STM32L0xx_HAL_Driver/Src/stm32l0xx_hal_i2c.o
                0x0000000008003f50                HAL_I2C_Master_Receive
 .text.HAL_I2C_IsDeviceReady
                0x0000000008004074      0x148 ./Drivers/STM32L0xx_HAL_Driver/Src/stm32l0xx_hal_i2c.o
                0x0000000008004074                HAL_I2C_IsDeviceReady
 .text.HAL_I2CEx_ConfigAnalogFilter
                0x00000000080041bc       0x4c ./Drivers/STM32L0xx_HAL_Driver/Src/stm32l0xx_hal_i2c_ex.o
                0x00000000080041bc                HAL_I2CEx_ConfigAnalogFilter
 .text.HAL_I2CEx_ConfigDigitalFilter
                0x0000000008004208       0x48 ./Drivers/STM32L0xx_HAL_Driver/Src/stm32l0xx_hal_i2c_ex.o
                0x0000000008004208                HAL_I2CEx_ConfigDigitalFilter
 .text.HAL_RCC_GetSysClockFreq
                0x0000000008004250       0x90 ./Drivers/STM32L0xx_HAL_Driver/Src/stm32l0xx_hal_rcc.o
                0x0000000008004250                HAL_RCC_GetSysClockFreq
 .text.HAL_RCC_OscConfig
                0x00000000080042e0      0x504 ./Drivers/STM32L0xx_HAL_Driver/Src/stm32l0xx_hal_rcc.o
                0x00000000080042e0                HAL_RCC_OscConfig
 .text.HAL_RCC_ClockConfig
                0x00000000080047e4      0x19c ./Drivers/STM32L0xx_HAL_Driver/Src/stm32l0xx_hal_rcc.o
                0x00000000080047e4                HAL_RCC_ClockConfig
 .text.HAL_RCCEx_PeriphCLKConfig
                0x0000000008004980      0x1a4 ./Drivers/STM32L0xx_HAL_Driver/Src/stm32l0xx_hal_rcc_ex.o
                0x0000000008004980                HAL_RCCEx_PeriphCLKConfig
 .text.SPI_WaitFlagStateUntilTimeout.constprop.0
                0x0000000008004b24       0xb8 ./Drivers/STM32L0xx_HAL_Driver/Src/stm32l0xx_hal_spi.o
 .text.SPI_EndRxTxTransaction
                0x0000000008004bdc       0x64 ./Drivers/STM32L0xx_HAL_Driver/Src/stm32l0xx_hal_spi.o
 .text.HAL_SPI_Init
                0x0000000008004c40       0xc4 ./Drivers/STM32L0xx_HAL_Driver/Src/stm32l0xx_hal_spi.o
                0x0000000008004c40                HAL_SPI_Init
 .text.HAL_SPI_Transmit_DMA
                0x0000000008004d04       0xc8 ./Drivers/STM32L0xx_HAL_Driver/Src/stm32l0xx_hal_spi.o
                0x0000000008004d04                HAL_SPI_Transmit_DMA
 .text.HAL_SPI_TxCpltCallback
                0x0000000008004dcc        0x2 ./Drivers/STM32L0xx_HAL_Driver/Src/stm32l0xx_hal_spi.o
                0x0000000008004dcc                HAL_SPI_TxCpltCallback
 .text.HAL_SPI_TxHalfCpltCallback
                0x0000000008004dce        0x2 ./Drivers/STM32L0xx_HAL_Driver/Src/stm32l0xx_hal_spi.o
                0x0000000008004dce                HAL_SPI_TxHalfCpltCallback
 .text.SPI_DMAHalfTransmitCplt
                0x0000000008004dd0        0xa ./Drivers/STM32L0xx_HAL_Driver/Src/stm32l0xx_hal_spi.o
 .text.HAL_SPI_ErrorCallback
                0x0000000008004dda        0x2 ./Drivers/STM32L0xx_HAL_Driver/Src/stm32l0xx_hal_spi.o
                0x0000000008004dda                HAL_SPI_ErrorCallback
 .text.SPI_DMAError
                0x0000000008004ddc       0x24 ./Drivers/STM32L0xx_HAL_Driver/Src/stm32l0xx_hal_spi.o
 .text.SPI_DMATransmitCplt
                0x0000000008004e00       0x6e ./Drivers/STM32L0xx_HAL_Driver/Src/stm32l0xx_hal_spi.o
 *fill*         0x0000000008004e6e        0x2 
 .text.TIM_Base_SetConfig
                0x0000000008004e70       0x5c ./Drivers/STM32L0xx_HAL_Driver/Src/stm32l0xx_hal_tim.o
 .text.HAL_TIM_Base_Init
                0x0000000008004ecc       0x48 ./Drivers/STM32L0xx_HAL_Driver/Src/stm32l0xx_hal_tim.o
                0x0000000008004ecc                HAL_TIM_Base_Init
 .text.HAL_TIM_Base_Start_IT
                0x0000000008004f14       0x58 ./Drivers/STM32L0xx_HAL_Driver/Src/stm32l0xx_hal_tim.o
                0x0000000008004f14                HAL_TIM_Base_Start_IT
 .text.HAL_TIM_ConfigClockSource
                0x0000000008004f6c      0x15c ./Drivers/STM32L0xx_HAL_Driver/Src/stm32l0xx_hal_tim.o
                0x0000000008004f6c                HAL_TIM_ConfigClockSource
 .text.HAL_TIM_OC_DelayElapsedCallback
                0x00000000080050c8        0x2 ./Drivers/STM32L0xx_HAL_Driver/Src/stm32l0xx_hal_tim.o
                0x00000000080050c8                HAL_TIM_OC_DelayElapsedCallback
 .text.HAL_TIM_IC_CaptureCallback
                0x00000000080050ca        0x2 ./Drivers/STM32L0xx_HAL_Driver/Src/stm32l0xx_hal_tim.o
                0x00000000080050ca                HAL_TIM_IC_CaptureCallback
 .text.HAL_TIM_PWM_PulseFinishedCallback
                0x00000000080050cc        0x2 ./Drivers/STM32L0xx_HAL_Driver/Src/stm32l0xx_hal_tim.o
                0x00000000080050cc                HAL_TIM_PWM_PulseFinishedCallback
 .text.HAL_TIM_TriggerCallback
                0x00000000080050ce        0x2 ./Drivers/STM32L0xx_HAL_Driver/Src/stm32l0xx_hal_tim.o
                0x00000000080050ce                HAL_TIM_TriggerCallback
 .text.HAL_TIM_IRQHandler
                0x00000000080050d0      0x110 ./Drivers/STM32L0xx_HAL_Driver/Src/stm32l0xx_hal_tim.o
                0x00000000080050d0                HAL_TIM_IRQHandler
 .text.HAL_TIMEx_MasterConfigSynchronization
                0x00000000080051e0       0x58 ./Drivers/STM32L0xx_HAL_Driver/Src/stm32l0xx_hal_tim_ex.o
                0x00000000080051e0                HAL_TIMEx_MasterConfigSynchronization
 .text.calloc   0x0000000008005238       0x14 c:/st/stm32cubeide_1.9.0/stm32cubeide/plugins/com.st.stm32cube.ide.mcu.externaltools.gnu-tools-for-stm32.10.3-2021.10.win32_1.0.0.202111181127/tools/bin/../lib/gcc/arm-none-eabi/10.3.1/../../../../arm-none-eabi/lib/thumb/v6-m/nofp\libc_nano.a(lib_a-calloc.o)
                0x0000000008005238                calloc
 .text.__errno  0x000000000800524c        0xc c:/st/stm32cubeide_1.9.0/stm32cubeide/plugins/com.st.stm32cube.ide.mcu.externaltools.gnu-tools-for-stm32.10.3-2021.10.win32_1.0.0.202111181127/tools/bin/../lib/gcc/arm-none-eabi/10.3.1/../../../../arm-none-eabi/lib/thumb/v6-m/nofp\libc_nano.a(lib_a-errno.o)
                0x000000000800524c                __errno
 .text.__libc_init_array
                0x0000000008005258       0x48 c:/st/stm32cubeide_1.9.0/stm32cubeide/plugins/com.st.stm32cube.ide.mcu.externaltools.gnu-tools-for-stm32.10.3-2021.10.win32_1.0.0.202111181127/tools/bin/../lib/gcc/arm-none-eabi/10.3.1/../../../../arm-none-eabi/lib/thumb/v6-m/nofp\libc_nano.a(lib_a-init.o)
                0x0000000008005258                __libc_init_array
 .text.free     0x00000000080052a0       0x14 c:/st/stm32cubeide_1.9.0/stm32cubeide/plugins/com.st.stm32cube.ide.mcu.externaltools.gnu-tools-for-stm32.10.3-2021.10.win32_1.0.0.202111181127/tools/bin/../lib/gcc/arm-none-eabi/10.3.1/../../../../arm-none-eabi/lib/thumb/v6-m/nofp\libc_nano.a(lib_a-malloc.o)
                0x00000000080052a0                free
 .text.memcpy   0x00000000080052b4       0x12 c:/st/stm32cubeide_1.9.0/stm32cubeide/plugins/com.st.stm32cube.ide.mcu.externaltools.gnu-tools-for-stm32.10.3-2021.10.win32_1.0.0.202111181127/tools/bin/../lib/gcc/arm-none-eabi/10.3.1/../../../../arm-none-eabi/lib/thumb/v6-m/nofp\libc_nano.a(lib_a-memcpy-stub.o)
                0x00000000080052b4                memcpy
 .text.memmove  0x00000000080052c6       0x26 c:/st/stm32cubeide_1.9.0/stm32cubeide/plugins/com.st.stm32cube.ide.mcu.externaltools.gnu-tools-for-stm32.10.3-2021.10.win32_1.0.0.202111181127/tools/bin/../lib/gcc/arm-none-eabi/10.3.1/../../../../arm-none-eabi/lib/thumb/v6-m/nofp\libc_nano.a(lib_a-memmove.o)
                0x00000000080052c6                memmove
 .text.memset   0x00000000080052ec       0x10 c:/st/stm32cubeide_1.9.0/stm32cubeide/plugins/com.st.stm32cube.ide.mcu.externaltools.gnu-tools-for-stm32.10.3-2021.10.win32_1.0.0.202111181127/tools/bin/../lib/gcc/arm-none-eabi/10.3.1/../../../../arm-none-eabi/lib/thumb/v6-m/nofp\libc_nano.a(lib_a-memset.o)
                0x00000000080052ec                memset
 .text._calloc_r
                0x00000000080052fc       0x58 c:/st/stm32cubeide_1.9.0/stm32cubeide/plugins/com.st.stm32cube.ide.mcu.externaltools.gnu-tools-for-stm32.10.3-2021.10.win32_1.0.0.202111181127/tools/bin/../lib/gcc/arm-none-eabi/10.3.1/../../../../arm-none-eabi/lib/thumb/v6-m/nofp\libc_nano.a(lib_a-nano-callocr.o)
                0x00000000080052fc                _calloc_r
 .text._free_r  0x0000000008005354       0x94 c:/st/stm32cubeide_1.9.0/stm32cubeide/plugins/com.st.stm32cube.ide.mcu.externaltools.gnu-tools-for-stm32.10.3-2021.10.win32_1.0.0.202111181127/tools/bin/../lib/gcc/arm-none-eabi/10.3.1/../../../../arm-none-eabi/lib/thumb/v6-m/nofp\libc_nano.a(lib_a-nano-freer.o)
                0x0000000008005354                _free_r
 .text.sbrk_aligned
                0x00000000080053e8       0x44 c:/st/stm32cubeide_1.9.0/stm32cubeide/plugins/com.st.stm32cube.ide.mcu.externaltools.gnu-tools-for-stm32.10.3-2021.10.win32_1.0.0.202111181127/tools/bin/../lib/gcc/arm-none-eabi/10.3.1/../../../../arm-none-eabi/lib/thumb/v6-m/nofp\libc_nano.a(lib_a-nano-mallocr.o)
 .text._malloc_r
                0x000000000800542c       0xec c:/st/stm32cubeide_1.9.0/stm32cubeide/plugins/com.st.stm32cube.ide.mcu.externaltools.gnu-tools-for-stm32.10.3-2021.10.win32_1.0.0.202111181127/tools/bin/../lib/gcc/arm-none-eabi/10.3.1/../../../../arm-none-eabi/lib/thumb/v6-m/nofp\libc_nano.a(lib_a-nano-mallocr.o)
                0x000000000800542c                _malloc_r
 .text._sbrk_r  0x0000000008005518       0x24 c:/st/stm32cubeide_1.9.0/stm32cubeide/plugins/com.st.stm32cube.ide.mcu.externaltools.gnu-tools-for-stm32.10.3-2021.10.win32_1.0.0.202111181127/tools/bin/../lib/gcc/arm-none-eabi/10.3.1/../../../../arm-none-eabi/lib/thumb/v6-m/nofp\libc_nano.a(lib_a-sbrkr.o)
                0x0000000008005518                _sbrk_r
 .text.sprintf  0x000000000800553c       0x40 c:/st/stm32cubeide_1.9.0/stm32cubeide/plugins/com.st.stm32cube.ide.mcu.externaltools.gnu-tools-for-stm32.10.3-2021.10.win32_1.0.0.202111181127/tools/bin/../lib/gcc/arm-none-eabi/10.3.1/../../../../arm-none-eabi/lib/thumb/v6-m/nofp\libc_nano.a(lib_a-sprintf.o)
                0x000000000800553c                siprintf
                0x000000000800553c                sprintf
 .text.strcpy   0x000000000800557c       0x10 c:/st/stm32cubeide_1.9.0/stm32cubeide/plugins/com.st.stm32cube.ide.mcu.externaltools.gnu-tools-for-stm32.10.3-2021.10.win32_1.0.0.202111181127/tools/bin/../lib/gcc/arm-none-eabi/10.3.1/../../../../arm-none-eabi/lib/thumb/v6-m/nofp\libc_nano.a(lib_a-strcpy.o)
                0x000000000800557c                strcpy
 .text.__malloc_lock
                0x000000000800558c       0x10 c:/st/stm32cubeide_1.9.0/stm32cubeide/plugins/com.st.stm32cube.ide.mcu.externaltools.gnu-tools-for-stm32.10.3-2021.10.win32_1.0.0.202111181127/tools/bin/../lib/gcc/arm-none-eabi/10.3.1/../../../../arm-none-eabi/lib/thumb/v6-m/nofp\libc_nano.a(lib_a-mlock.o)
                0x000000000800558c                __malloc_lock
 .text.__malloc_unlock
                0x000000000800559c       0x10 c:/st/stm32cubeide_1.9.0/stm32cubeide/plugins/com.st.stm32cube.ide.mcu.externaltools.gnu-tools-for-stm32.10.3-2021.10.win32_1.0.0.202111181127/tools/bin/../lib/gcc/arm-none-eabi/10.3.1/../../../../arm-none-eabi/lib/thumb/v6-m/nofp\libc_nano.a(lib_a-mlock.o)
                0x000000000800559c                __malloc_unlock
 .text.__ssputs_r
                0x00000000080055ac       0xc4 c:/st/stm32cubeide_1.9.0/stm32cubeide/plugins/com.st.stm32cube.ide.mcu.externaltools.gnu-tools-for-stm32.10.3-2021.10.win32_1.0.0.202111181127/tools/bin/../lib/gcc/arm-none-eabi/10.3.1/../../../../arm-none-eabi/lib/thumb/v6-m/nofp\libc_nano.a(lib_a-nano-svfprintf.o)
                0x00000000080055ac                __ssputs_r
 .text._svfprintf_r
                0x0000000008005670      0x200 c:/st/stm32cubeide_1.9.0/stm32cubeide/plugins/com.st.stm32cube.ide.mcu.externaltools.gnu-tools-for-stm32.10.3-2021.10.win32_1.0.0.202111181127/tools/bin/../lib/gcc/arm-none-eabi/10.3.1/../../../../arm-none-eabi/lib/thumb/v6-m/nofp\libc_nano.a(lib_a-nano-svfprintf.o)
                0x0000000008005670                _svfiprintf_r
                0x0000000008005670                _svfprintf_r
 .text._printf_common
                0x0000000008005870       0xde c:/st/stm32cubeide_1.9.0/stm32cubeide/plugins/com.st.stm32cube.ide.mcu.externaltools.gnu-tools-for-stm32.10.3-2021.10.win32_1.0.0.202111181127/tools/bin/../lib/gcc/arm-none-eabi/10.3.1/../../../../arm-none-eabi/lib/thumb/v6-m/nofp\libc_nano.a(lib_a-nano-vfprintf_i.o)
                0x0000000008005870                _printf_common
 *fill*         0x000000000800594e        0x2 
 .text._printf_i
                0x0000000008005950      0x224 c:/st/stm32cubeide_1.9.0/stm32cubeide/plugins/com.st.stm32cube.ide.mcu.externaltools.gnu-tools-for-stm32.10.3-2021.10.win32_1.0.0.202111181127/tools/bin/../lib/gcc/arm-none-eabi/10.3.1/../../../../arm-none-eabi/lib/thumb/v6-m/nofp\libc_nano.a(lib_a-nano-vfprintf_i.o)
                0x0000000008005950                _printf_i
 .text.__retarget_lock_acquire_recursive
                0x0000000008005b74        0x2 c:/st/stm32cubeide_1.9.0/stm32cubeide/plugins/com.st.stm32cube.ide.mcu.externaltools.gnu-tools-for-stm32.10.3-2021.10.win32_1.0.0.202111181127/tools/bin/../lib/gcc/arm-none-eabi/10.3.1/../../../../arm-none-eabi/lib/thumb/v6-m/nofp\libc_nano.a(lib_a-lock.o)
                0x0000000008005b74                __retarget_lock_acquire_recursive
 .text.__retarget_lock_release_recursive
                0x0000000008005b76        0x2 c:/st/stm32cubeide_1.9.0/stm32cubeide/plugins/com.st.stm32cube.ide.mcu.externaltools.gnu-tools-for-stm32.10.3-2021.10.win32_1.0.0.202111181127/tools/bin/../lib/gcc/arm-none-eabi/10.3.1/../../../../arm-none-eabi/lib/thumb/v6-m/nofp\libc_nano.a(lib_a-lock.o)
                0x0000000008005b76                __retarget_lock_release_recursive
 .text.memchr   0x0000000008005b78       0x16 c:/st/stm32cubeide_1.9.0/stm32cubeide/plugins/com.st.stm32cube.ide.mcu.externaltools.gnu-tools-for-stm32.10.3-2021.10.win32_1.0.0.202111181127/tools/bin/../lib/gcc/arm-none-eabi/10.3.1/../../../../arm-none-eabi/lib/thumb/v6-m/nofp\libc_nano.a(lib_a-memchr-stub.o)
                0x0000000008005b78                memchr
 .text._realloc_r
                0x0000000008005b8e       0x5e c:/st/stm32cubeide_1.9.0/stm32cubeide/plugins/com.st.stm32cube.ide.mcu.externaltools.gnu-tools-for-stm32.10.3-2021.10.win32_1.0.0.202111181127/tools/bin/../lib/gcc/arm-none-eabi/10.3.1/../../../../arm-none-eabi/lib/thumb/v6-m/nofp\libc_nano.a(lib_a-nano-reallocr.o)
                0x0000000008005b8e                _realloc_r
 .text._malloc_usable_size_r
                0x0000000008005bec       0x10 c:/st/stm32cubeide_1.9.0/stm32cubeide/plugins/com.st.stm32cube.ide.mcu.externaltools.gnu-tools-for-stm32.10.3-2021.10.win32_1.0.0.202111181127/tools/bin/../lib/gcc/arm-none-eabi/10.3.1/../../../../arm-none-eabi/lib/thumb/v6-m/nofp\libc_nano.a(lib_a-nano-msizer.o)
                0x0000000008005bec                _malloc_usable_size_r
 *(.glue_7)
 .glue_7        0x0000000008005bfc        0x0 linker stubs
 *(.glue_7t)
 .glue_7t       0x0000000008005bfc        0x0 linker stubs
 *(.eh_frame)
 .eh_frame      0x0000000008005bfc        0x0 c:/st/stm32cubeide_1.9.0/stm32cubeide/plugins/com.st.stm32cube.ide.mcu.externaltools.gnu-tools-for-stm32.10.3-2021.10.win32_1.0.0.202111181127/tools/bin/../lib/gcc/arm-none-eabi/10.3.1/thumb/v6-m/nofp/crtbegin.o
 *(.init)
 .init          0x0000000008005bfc        0x4 c:/st/stm32cubeide_1.9.0/stm32cubeide/plugins/com.st.stm32cube.ide.mcu.externaltools.gnu-tools-for-stm32.10.3-2021.10.win32_1.0.0.202111181127/tools/bin/../lib/gcc/arm-none-eabi/10.3.1/thumb/v6-m/nofp/crti.o
                0x0000000008005bfc                _init
 .init          0x0000000008005c00        0x8 c:/st/stm32cubeide_1.9.0/stm32cubeide/plugins/com.st.stm32cube.ide.mcu.externaltools.gnu-tools-for-stm32.10.3-2021.10.win32_1.0.0.202111181127/tools/bin/../lib/gcc/arm-none-eabi/10.3.1/thumb/v6-m/nofp/crtn.o
 *(.fini)
 .fini          0x0000000008005c08        0x4 c:/st/stm32cubeide_1.9.0/stm32cubeide/plugins/com.st.stm32cube.ide.mcu.externaltools.gnu-tools-for-stm32.10.3-2021.10.win32_1.0.0.202111181127/tools/bin/../lib/gcc/arm-none-eabi/10.3.1/thumb/v6-m/nofp/crti.o
                0x0000000008005c08                _fini
 .fini          0x0000000008005c0c        0x8 c:/st/stm32cubeide_1.9.0/stm32cubeide/plugins/com.st.stm32cube.ide.mcu.externaltools.gnu-tools-for-stm32.10.3-2021.10.win32_1.0.0.202111181127/tools/bin/../lib/gcc/arm-none-eabi/10.3.1/thumb/v6-m/nofp/crtn.o
                0x0000000008005c14                . = ALIGN (0x4)
                0x0000000008005c14                _etext = .

.vfp11_veneer   0x0000000008005c14        0x0
 .vfp11_veneer  0x0000000008005c14        0x0 linker stubs

.v4_bx          0x0000000008005c14        0x0
 .v4_bx         0x0000000008005c14        0x0 linker stubs

.iplt           0x0000000008005c14        0x0
 .iplt          0x0000000008005c14        0x0 c:/st/stm32cubeide_1.9.0/stm32cubeide/plugins/com.st.stm32cube.ide.mcu.externaltools.gnu-tools-for-stm32.10.3-2021.10.win32_1.0.0.202111181127/tools/bin/../lib/gcc/arm-none-eabi/10.3.1/thumb/v6-m/nofp/crtbegin.o

.rodata         0x0000000008005c14      0xdc0
                0x0000000008005c14                . = ALIGN (0x4)
 *(.rodata)
 .rodata        0x0000000008005c14       0x1e ./Core/Src/task.o
 *(.rodata*)
 *fill*         0x0000000008005c32        0x2 
 .rodata.colLUT
                0x0000000008005c34      0x400 ./Core/Src/SK6812.o
                0x0000000008005c34                colLUT
 .rodata.Font6x8
                0x0000000008006034      0x5f0 ./Core/Src/fonts.o
                0x0000000008006034                Font6x8
 .rodata.AHBPrescTable
                0x0000000008006624       0x10 ./Core/Src/system_stm32l0xx.o
                0x0000000008006624                AHBPrescTable
 .rodata.PLLMulTable
                0x0000000008006634        0x9 ./Core/Src/system_stm32l0xx.o
                0x0000000008006634                PLLMulTable
 .rodata.main_menu.str1.1
                0x000000000800663d       0x4c ./Core/Src/task.o
                                         0x56 (size before relaxing)
 .rodata.input_string.str1.1
                0x0000000008006689        0xb ./Core/Src/task.o
 .rodata.logShift.str1.1
                0x0000000008006694       0x6a ./Core/Src/task.o
 .rodata.start.str1.1
                0x00000000080066fe        0xf ./Core/Src/task.o
 .rodata.time_setting.str1.1
                0x000000000800670d       0x23 ./Core/Src/task.o
 .rodata.position_set.str1.1
                0x0000000008006730       0x11 ./Core/Src/task.o
 .rodata.save_mode.str1.1
                0x0000000008006741       0x73 ./Core/Src/task.o
 .rodata.part_refill.str1.1
                0x00000000080067b4       0x24 ./Core/Src/task.o
 .rodata.part_use.str1.1
                0x00000000080067d8       0x25 ./Core/Src/task.o
 .rodata.use_mode.str1.1
                0x00000000080067fd       0x1d ./Core/Src/task.o
 .rodata.find_reslut.str1.1
                0x000000000800681a       0x37 ./Core/Src/task.o
 .rodata.find_mode.str1.1
                0x0000000008006851       0x27 ./Core/Src/task.o
 .rodata.partition_save.str1.1
                0x0000000008006878       0x1b ./Core/Src/task.o
 .rodata.partition_mode.str1.1
                0x0000000008006893       0x4b ./Core/Src/task.o
 .rodata.log_detail.str1.1
                0x00000000080068de        0xc ./Core/Src/task.o
 .rodata.log_mode.str1.1
                0x00000000080068ea        0x5 ./Core/Src/task.o
 .rodata.keyboard_big
                0x00000000080068ef       0x2c ./Core/Src/task.o
                0x00000000080068ef                keyboard_big
 .rodata.keyboard_small
                0x000000000800691b       0x2c ./Core/Src/task.o
                0x000000000800691b                keyboard_small
 .rodata.lastDay
                0x0000000008006947        0xc ./Core/Src/task.o
                0x0000000008006947                lastDay
 .rodata.ptCate
                0x0000000008006953       0x14 ./Core/Src/task.o
                0x0000000008006953                ptCate
 .rodata.ptTime
                0x0000000008006967       0x24 ./Core/Src/task.o
                0x0000000008006967                ptTime
 .rodata.ptWorkCate
                0x000000000800698b       0x14 ./Core/Src/task.o
                0x000000000800698b                ptWorkCate
 .rodata._svfprintf_r.str1.1
                0x000000000800699f       0x11 c:/st/stm32cubeide_1.9.0/stm32cubeide/plugins/com.st.stm32cube.ide.mcu.externaltools.gnu-tools-for-stm32.10.3-2021.10.win32_1.0.0.202111181127/tools/bin/../lib/gcc/arm-none-eabi/10.3.1/../../../../arm-none-eabi/lib/thumb/v6-m/nofp\libc_nano.a(lib_a-nano-svfprintf.o)
 .rodata._printf_i.str1.1
                0x00000000080069b0       0x22 c:/st/stm32cubeide_1.9.0/stm32cubeide/plugins/com.st.stm32cube.ide.mcu.externaltools.gnu-tools-for-stm32.10.3-2021.10.win32_1.0.0.202111181127/tools/bin/../lib/gcc/arm-none-eabi/10.3.1/../../../../arm-none-eabi/lib/thumb/v6-m/nofp\libc_nano.a(lib_a-nano-vfprintf_i.o)
                0x00000000080069d4                . = ALIGN (0x4)
 *fill*         0x00000000080069d2        0x2 

.ARM.extab      0x00000000080069d4        0x0
                0x00000000080069d4                . = ALIGN (0x4)
 *(.ARM.extab* .gnu.linkonce.armextab.*)
                0x00000000080069d4                . = ALIGN (0x4)

.ARM            0x00000000080069d4        0x8
                0x00000000080069d4                . = ALIGN (0x4)
                0x00000000080069d4                __exidx_start = .
 *(.ARM.exidx*)
 .ARM.exidx     0x00000000080069d4        0x8 c:/st/stm32cubeide_1.9.0/stm32cubeide/plugins/com.st.stm32cube.ide.mcu.externaltools.gnu-tools-for-stm32.10.3-2021.10.win32_1.0.0.202111181127/tools/bin/../lib/gcc/arm-none-eabi/10.3.1/thumb/v6-m/nofp\libgcc.a(_udivmoddi4.o)
                0x00000000080069dc                __exidx_end = .
                0x00000000080069dc                . = ALIGN (0x4)

.rel.dyn        0x00000000080069dc        0x0
 .rel.iplt      0x00000000080069dc        0x0 c:/st/stm32cubeide_1.9.0/stm32cubeide/plugins/com.st.stm32cube.ide.mcu.externaltools.gnu-tools-for-stm32.10.3-2021.10.win32_1.0.0.202111181127/tools/bin/../lib/gcc/arm-none-eabi/10.3.1/thumb/v6-m/nofp/crtbegin.o

.preinit_array  0x00000000080069dc        0x0
                0x00000000080069dc                . = ALIGN (0x4)
                0x00000000080069dc                PROVIDE (__preinit_array_start = .)
 *(.preinit_array*)
                0x00000000080069dc                PROVIDE (__preinit_array_end = .)
                0x00000000080069dc                . = ALIGN (0x4)

.init_array     0x00000000080069dc        0x4
                0x00000000080069dc                . = ALIGN (0x4)
                0x00000000080069dc                PROVIDE (__init_array_start = .)
 *(SORT_BY_NAME(.init_array.*))
 *(.init_array*)
 .init_array    0x00000000080069dc        0x4 c:/st/stm32cubeide_1.9.0/stm32cubeide/plugins/com.st.stm32cube.ide.mcu.externaltools.gnu-tools-for-stm32.10.3-2021.10.win32_1.0.0.202111181127/tools/bin/../lib/gcc/arm-none-eabi/10.3.1/thumb/v6-m/nofp/crtbegin.o
                0x00000000080069e0                PROVIDE (__init_array_end = .)
                0x00000000080069e0                . = ALIGN (0x4)

.fini_array     0x00000000080069e0        0x4
                0x00000000080069e0                . = ALIGN (0x4)
                [!provide]                        PROVIDE (__fini_array_start = .)
 *(SORT_BY_NAME(.fini_array.*))
 *(.fini_array*)
 .fini_array    0x00000000080069e0        0x4 c:/st/stm32cubeide_1.9.0/stm32cubeide/plugins/com.st.stm32cube.ide.mcu.externaltools.gnu-tools-for-stm32.10.3-2021.10.win32_1.0.0.202111181127/tools/bin/../lib/gcc/arm-none-eabi/10.3.1/thumb/v6-m/nofp/crtbegin.o
                [!provide]                        PROVIDE (__fini_array_end = .)
                0x00000000080069e4                . = ALIGN (0x4)
                0x00000000080069e4                _sidata = LOADADDR (.data)

.data           0x0000000020000000       0x98 load address 0x00000000080069e4
                0x0000000020000000                . = ALIGN (0x4)
                0x0000000020000000                _sdata = .
 *(.data)
 *(.data*)
 .data.Font_6x8
                0x0000000020000000        0x8 ./Core/Src/fonts.o
                0x0000000020000000                Font_6x8
 .data.SystemCoreClock
                0x0000000020000008        0x4 ./Core/Src/system_stm32l0xx.o
                0x0000000020000008                SystemCoreClock
 .data.firF     0x000000002000000c        0x1 ./Core/Src/task.o
                0x000000002000000c                firF
 *fill*         0x000000002000000d        0x3 
 .data.play_task
                0x0000000020000010       0x18 ./Core/Src/task.o
                0x0000000020000010                play_task
 .data.store_num.3
                0x0000000020000028        0x1 ./Core/Src/task.o
 .data.time     0x0000000020000029        0x6 ./Core/Src/task.o
                0x0000000020000029                time
 .data.uwTickFreq
                0x000000002000002f        0x1 ./Drivers/STM32L0xx_HAL_Driver/Src/stm32l0xx_hal.o
                0x000000002000002f                uwTickFreq
 .data.uwTickPrio
                0x0000000020000030        0x4 ./Drivers/STM32L0xx_HAL_Driver/Src/stm32l0xx_hal.o
                0x0000000020000030                uwTickPrio
 .data._impure_ptr
                0x0000000020000034        0x4 c:/st/stm32cubeide_1.9.0/stm32cubeide/plugins/com.st.stm32cube.ide.mcu.externaltools.gnu-tools-for-stm32.10.3-2021.10.win32_1.0.0.202111181127/tools/bin/../lib/gcc/arm-none-eabi/10.3.1/../../../../arm-none-eabi/lib/thumb/v6-m/nofp\libc_nano.a(lib_a-impure.o)
                0x0000000020000034                _impure_ptr
 .data.impure_data
                0x0000000020000038       0x60 c:/st/stm32cubeide_1.9.0/stm32cubeide/plugins/com.st.stm32cube.ide.mcu.externaltools.gnu-tools-for-stm32.10.3-2021.10.win32_1.0.0.202111181127/tools/bin/../lib/gcc/arm-none-eabi/10.3.1/../../../../arm-none-eabi/lib/thumb/v6-m/nofp\libc_nano.a(lib_a-impure.o)
 *(.RamFunc)
 *(.RamFunc*)
                0x0000000020000098                . = ALIGN (0x4)
                0x0000000020000098                _edata = .

.igot.plt       0x0000000020000098        0x0 load address 0x0000000008006a7c
 .igot.plt      0x0000000020000098        0x0 c:/st/stm32cubeide_1.9.0/stm32cubeide/plugins/com.st.stm32cube.ide.mcu.externaltools.gnu-tools-for-stm32.10.3-2021.10.win32_1.0.0.202111181127/tools/bin/../lib/gcc/arm-none-eabi/10.3.1/thumb/v6-m/nofp/crtbegin.o
                0x0000000020000098                . = ALIGN (0x4)

.bss            0x0000000020000098      0xfd8 load address 0x0000000008006a7c
                0x0000000020000098                _sbss = .
                0x0000000020000098                __bss_start__ = _sbss
 *(.bss)
 .bss           0x0000000020000098       0x1c c:/st/stm32cubeide_1.9.0/stm32cubeide/plugins/com.st.stm32cube.ide.mcu.externaltools.gnu-tools-for-stm32.10.3-2021.10.win32_1.0.0.202111181127/tools/bin/../lib/gcc/arm-none-eabi/10.3.1/thumb/v6-m/nofp/crtbegin.o
 *(.bss*)
 .bss.ledData   0x00000000200000b4      0x1b0 ./Core/Src/SK6812.o
                0x00000000200000b4                ledData
 .bss.spiBf     0x0000000020000264      0x1b4 ./Core/Src/SK6812.o
                0x0000000020000264                spiBf
 .bss.hadc      0x0000000020000418       0x5c ./Core/Src/main.o
                0x0000000020000418                hadc
 .bss.hdma_spi1_tx
                0x0000000020000474       0x48 ./Core/Src/main.o
                0x0000000020000474                hdma_spi1_tx
 .bss.hi2c1     0x00000000200004bc       0x4c ./Core/Src/main.o
                0x00000000200004bc                hi2c1
 .bss.hspi1     0x0000000020000508       0x58 ./Core/Src/main.o
                0x0000000020000508                hspi1
 .bss.htim2     0x0000000020000560       0x40 ./Core/Src/main.o
                0x0000000020000560                htim2
 .bss.SSD1306   0x00000000200005a0        0x6 ./Core/Src/ssd1306.o
 .bss.SSD1306_Buffer
                0x00000000200005a6      0x400 ./Core/Src/ssd1306.o
 *fill*         0x00000000200009a6        0x2 
 .bss.__sbrk_heap_end
                0x00000000200009a8        0x4 ./Core/Src/sysmem.o
 .bss.ModeF     0x00000000200009ac        0x1 ./Core/Src/task.o
                0x00000000200009ac                ModeF
 *fill*         0x00000000200009ad        0x1 
 .bss.adcV      0x00000000200009ae        0x4 ./Core/Src/task.o
                0x00000000200009ae                adcV
 .bss.buzC      0x00000000200009b2        0x2 ./Core/Src/task.o
                0x00000000200009b2                buzC
 .bss.buzM      0x00000000200009b4        0x1 ./Core/Src/task.o
                0x00000000200009b4                buzM
 .bss.cate_sel  0x00000000200009b5        0x1 ./Core/Src/task.o
                0x00000000200009b5                cate_sel
 .bss.check.5   0x00000000200009b6        0x1 ./Core/Src/task.o
 *fill*         0x00000000200009b7        0x1 
 .bss.cnt       0x00000000200009b8        0x2 ./Core/Src/task.o
                0x00000000200009b8                cnt
 .bss.findC     0x00000000200009ba        0x1 ./Core/Src/task.o
                0x00000000200009ba                findC
 *fill*         0x00000000200009bb        0x1 
 .bss.find_name
                0x00000000200009bc        0x4 ./Core/Src/task.o
                0x00000000200009bc                find_name
 .bss.frev_tick.8
                0x00000000200009c0        0x4 ./Core/Src/task.o
 .bss.input_name
                0x00000000200009c4        0x4 ./Core/Src/task.o
                0x00000000200009c4                input_name
 .bss.input_password
                0x00000000200009c8        0x4 ./Core/Src/task.o
                0x00000000200009c8                input_password
 .bss.joy_result
                0x00000000200009cc        0x1 ./Core/Src/task.o
                0x00000000200009cc                joy_result
 *fill*         0x00000000200009cd        0x1 
 .bss.ledC      0x00000000200009ce        0x2 ./Core/Src/task.o
                0x00000000200009ce                ledC
 .bss.ledM      0x00000000200009d0        0x1 ./Core/Src/task.o
                0x00000000200009d0                ledM
 .bss.log_num.0
                0x00000000200009d1        0x1 ./Core/Src/task.o
 .bss.max       0x00000000200009d2        0x2 ./Core/Src/task.o
                0x00000000200009d2                max
 .bss.min       0x00000000200009d4        0x2 ./Core/Src/task.o
                0x00000000200009d4                min
 .bss.oldSW.7   0x00000000200009d6        0x1 ./Core/Src/task.o
 .bss.password_num
                0x00000000200009d7        0x1 ./Core/Src/task.o
                0x00000000200009d7                password_num
 .bss.pt        0x00000000200009d8      0x480 ./Core/Src/task.o
                0x00000000200009d8                pt
 .bss.ptLog     0x0000000020000e58      0x1bc ./Core/Src/task.o
                0x0000000020000e58                ptLog
 .bss.ptfirst   0x0000000020001014       0x20 ./Core/Src/task.o
                0x0000000020001014                ptfirst
 .bss.ptionC    0x0000000020001034        0x1 ./Core/Src/task.o
                0x0000000020001034                ptionC
 .bss.ptionE    0x0000000020001035        0x2 ./Core/Src/task.o
                0x0000000020001035                ptionE
 .bss.ptionS    0x0000000020001037        0x2 ./Core/Src/task.o
                0x0000000020001037                ptionS
 .bss.screenState.1
                0x0000000020001039        0x1 ./Core/Src/task.o
 .bss.screenState.2
                0x000000002000103a        0x1 ./Core/Src/task.o
 .bss.sel       0x000000002000103b        0x1 ./Core/Src/task.o
                0x000000002000103b                sel
 .bss.start_check
                0x000000002000103c        0x1 ./Core/Src/task.o
                0x000000002000103c                start_check
 .bss.store_max.4
                0x000000002000103d        0x1 ./Core/Src/task.o
 .bss.temp      0x000000002000103e        0x2 ./Core/Src/task.o
                0x000000002000103e                temp
 .bss.use_num   0x0000000020001040        0x1 ./Core/Src/task.o
                0x0000000020001040                use_num
 .bss.work_cnt.6
                0x0000000020001041        0x1 ./Core/Src/task.o
 *fill*         0x0000000020001042        0x2 
 .bss.uwTick    0x0000000020001044        0x4 ./Drivers/STM32L0xx_HAL_Driver/Src/stm32l0xx_hal.o
                0x0000000020001044                uwTick
 .bss.pFlash    0x0000000020001048       0x18 ./Drivers/STM32L0xx_HAL_Driver/Src/stm32l0xx_hal_flash.o
                0x0000000020001048                pFlash
 .bss.__malloc_free_list
                0x0000000020001060        0x4 c:/st/stm32cubeide_1.9.0/stm32cubeide/plugins/com.st.stm32cube.ide.mcu.externaltools.gnu-tools-for-stm32.10.3-2021.10.win32_1.0.0.202111181127/tools/bin/../lib/gcc/arm-none-eabi/10.3.1/../../../../arm-none-eabi/lib/thumb/v6-m/nofp\libc_nano.a(lib_a-nano-mallocr.o)
                0x0000000020001060                __malloc_free_list
 .bss.__malloc_sbrk_start
                0x0000000020001064        0x4 c:/st/stm32cubeide_1.9.0/stm32cubeide/plugins/com.st.stm32cube.ide.mcu.externaltools.gnu-tools-for-stm32.10.3-2021.10.win32_1.0.0.202111181127/tools/bin/../lib/gcc/arm-none-eabi/10.3.1/../../../../arm-none-eabi/lib/thumb/v6-m/nofp\libc_nano.a(lib_a-nano-mallocr.o)
                0x0000000020001064                __malloc_sbrk_start
 .bss.errno     0x0000000020001068        0x4 c:/st/stm32cubeide_1.9.0/stm32cubeide/plugins/com.st.stm32cube.ide.mcu.externaltools.gnu-tools-for-stm32.10.3-2021.10.win32_1.0.0.202111181127/tools/bin/../lib/gcc/arm-none-eabi/10.3.1/../../../../arm-none-eabi/lib/thumb/v6-m/nofp\libc_nano.a(lib_a-reent.o)
                0x0000000020001068                errno
 .bss.__lock___malloc_recursive_mutex
                0x000000002000106c        0x1 c:/st/stm32cubeide_1.9.0/stm32cubeide/plugins/com.st.stm32cube.ide.mcu.externaltools.gnu-tools-for-stm32.10.3-2021.10.win32_1.0.0.202111181127/tools/bin/../lib/gcc/arm-none-eabi/10.3.1/../../../../arm-none-eabi/lib/thumb/v6-m/nofp\libc_nano.a(lib_a-lock.o)
                0x000000002000106c                __lock___malloc_recursive_mutex
 *(COMMON)
                0x0000000020001070                . = ALIGN (0x4)
 *fill*         0x000000002000106d        0x3 
                0x0000000020001070                _ebss = .
                0x0000000020001070                __bss_end__ = _ebss

._user_heap_stack
                0x0000000020001070      0x600 load address 0x0000000008006a7c
                0x0000000020001070                . = ALIGN (0x8)
                [!provide]                        PROVIDE (end = .)
                0x0000000020001070                PROVIDE (_end = .)
                0x0000000020001270                . = (. + _Min_Heap_Size)
 *fill*         0x0000000020001070      0x200 
                0x0000000020001670                . = (. + _Min_Stack_Size)
 *fill*         0x0000000020001270      0x400 
                0x0000000020001670                . = ALIGN (0x8)

/DISCARD/
 libc.a(*)
 libm.a(*)
 libgcc.a(*)

.ARM.attributes
                0x0000000000000000       0x28
 *(.ARM.attributes)
 .ARM.attributes
                0x0000000000000000       0x1e c:/st/stm32cubeide_1.9.0/stm32cubeide/plugins/com.st.stm32cube.ide.mcu.externaltools.gnu-tools-for-stm32.10.3-2021.10.win32_1.0.0.202111181127/tools/bin/../lib/gcc/arm-none-eabi/10.3.1/thumb/v6-m/nofp/crti.o
 .ARM.attributes
                0x000000000000001e       0x2c c:/st/stm32cubeide_1.9.0/stm32cubeide/plugins/com.st.stm32cube.ide.mcu.externaltools.gnu-tools-for-stm32.10.3-2021.10.win32_1.0.0.202111181127/tools/bin/../lib/gcc/arm-none-eabi/10.3.1/thumb/v6-m/nofp/crtbegin.o
 .ARM.attributes
                0x000000000000004a       0x2c ./Core/Src/DS3231.o
 .ARM.attributes
                0x0000000000000076       0x2c ./Core/Src/SK6812.o
 .ARM.attributes
                0x00000000000000a2       0x2c ./Core/Src/fonts.o
 .ARM.attributes
                0x00000000000000ce       0x2c ./Core/Src/main.o
 .ARM.attributes
                0x00000000000000fa       0x2c ./Core/Src/ssd1306.o
 .ARM.attributes
                0x0000000000000126       0x2c ./Core/Src/stm32l0xx_EEPROM.o
 .ARM.attributes
                0x0000000000000152       0x2c ./Core/Src/stm32l0xx_hal_msp.o
 .ARM.attributes
                0x000000000000017e       0x2c ./Core/Src/stm32l0xx_it.o
 .ARM.attributes
                0x00000000000001aa       0x2c ./Core/Src/sysmem.o
 .ARM.attributes
                0x00000000000001d6       0x2c ./Core/Src/system_stm32l0xx.o
 .ARM.attributes
                0x0000000000000202       0x2c ./Core/Src/task.o
 .ARM.attributes
                0x000000000000022e       0x22 ./Core/Startup/startup_stm32l052k6tx.o
 .ARM.attributes
                0x0000000000000250       0x2c ./Drivers/STM32L0xx_HAL_Driver/Src/stm32l0xx_hal.o
 .ARM.attributes
                0x000000000000027c       0x2c ./Drivers/STM32L0xx_HAL_Driver/Src/stm32l0xx_hal_adc.o
 .ARM.attributes
                0x00000000000002a8       0x2c ./Drivers/STM32L0xx_HAL_Driver/Src/stm32l0xx_hal_cortex.o
 .ARM.attributes
                0x00000000000002d4       0x2c ./Drivers/STM32L0xx_HAL_Driver/Src/stm32l0xx_hal_dma.o
 .ARM.attributes
                0x0000000000000300       0x2c ./Drivers/STM32L0xx_HAL_Driver/Src/stm32l0xx_hal_flash.o
 .ARM.attributes
                0x000000000000032c       0x2c ./Drivers/STM32L0xx_HAL_Driver/Src/stm32l0xx_hal_flash_ex.o
 .ARM.attributes
                0x0000000000000358       0x2c ./Drivers/STM32L0xx_HAL_Driver/Src/stm32l0xx_hal_gpio.o
 .ARM.attributes
                0x0000000000000384       0x2c ./Drivers/STM32L0xx_HAL_Driver/Src/stm32l0xx_hal_i2c.o
 .ARM.attributes
                0x00000000000003b0       0x2c ./Drivers/STM32L0xx_HAL_Driver/Src/stm32l0xx_hal_i2c_ex.o
 .ARM.attributes
                0x00000000000003dc       0x2c ./Drivers/STM32L0xx_HAL_Driver/Src/stm32l0xx_hal_rcc.o
 .ARM.attributes
                0x0000000000000408       0x2c ./Drivers/STM32L0xx_HAL_Driver/Src/stm32l0xx_hal_rcc_ex.o
 .ARM.attributes
                0x0000000000000434       0x2c ./Drivers/STM32L0xx_HAL_Driver/Src/stm32l0xx_hal_spi.o
 .ARM.attributes
                0x0000000000000460       0x2c ./Drivers/STM32L0xx_HAL_Driver/Src/stm32l0xx_hal_tim.o
 .ARM.attributes
                0x000000000000048c       0x2c ./Drivers/STM32L0xx_HAL_Driver/Src/stm32l0xx_hal_tim_ex.o
 .ARM.attributes
                0x00000000000004b8       0x2c c:/st/stm32cubeide_1.9.0/stm32cubeide/plugins/com.st.stm32cube.ide.mcu.externaltools.gnu-tools-for-stm32.10.3-2021.10.win32_1.0.0.202111181127/tools/bin/../lib/gcc/arm-none-eabi/10.3.1/../../../../arm-none-eabi/lib/thumb/v6-m/nofp\libc_nano.a(lib_a-calloc.o)
 .ARM.attributes
                0x00000000000004e4       0x2c c:/st/stm32cubeide_1.9.0/stm32cubeide/plugins/com.st.stm32cube.ide.mcu.externaltools.gnu-tools-for-stm32.10.3-2021.10.win32_1.0.0.202111181127/tools/bin/../lib/gcc/arm-none-eabi/10.3.1/../../../../arm-none-eabi/lib/thumb/v6-m/nofp\libc_nano.a(lib_a-errno.o)
 .ARM.attributes
                0x0000000000000510       0x2c c:/st/stm32cubeide_1.9.0/stm32cubeide/plugins/com.st.stm32cube.ide.mcu.externaltools.gnu-tools-for-stm32.10.3-2021.10.win32_1.0.0.202111181127/tools/bin/../lib/gcc/arm-none-eabi/10.3.1/../../../../arm-none-eabi/lib/thumb/v6-m/nofp\libc_nano.a(lib_a-impure.o)
 .ARM.attributes
                0x000000000000053c       0x2c c:/st/stm32cubeide_1.9.0/stm32cubeide/plugins/com.st.stm32cube.ide.mcu.externaltools.gnu-tools-for-stm32.10.3-2021.10.win32_1.0.0.202111181127/tools/bin/../lib/gcc/arm-none-eabi/10.3.1/../../../../arm-none-eabi/lib/thumb/v6-m/nofp\libc_nano.a(lib_a-init.o)
 .ARM.attributes
                0x0000000000000568       0x2c c:/st/stm32cubeide_1.9.0/stm32cubeide/plugins/com.st.stm32cube.ide.mcu.externaltools.gnu-tools-for-stm32.10.3-2021.10.win32_1.0.0.202111181127/tools/bin/../lib/gcc/arm-none-eabi/10.3.1/../../../../arm-none-eabi/lib/thumb/v6-m/nofp\libc_nano.a(lib_a-malloc.o)
 .ARM.attributes
                0x0000000000000594       0x2c c:/st/stm32cubeide_1.9.0/stm32cubeide/plugins/com.st.stm32cube.ide.mcu.externaltools.gnu-tools-for-stm32.10.3-2021.10.win32_1.0.0.202111181127/tools/bin/../lib/gcc/arm-none-eabi/10.3.1/../../../../arm-none-eabi/lib/thumb/v6-m/nofp\libc_nano.a(lib_a-memcpy-stub.o)
 .ARM.attributes
                0x00000000000005c0       0x2c c:/st/stm32cubeide_1.9.0/stm32cubeide/plugins/com.st.stm32cube.ide.mcu.externaltools.gnu-tools-for-stm32.10.3-2021.10.win32_1.0.0.202111181127/tools/bin/../lib/gcc/arm-none-eabi/10.3.1/../../../../arm-none-eabi/lib/thumb/v6-m/nofp\libc_nano.a(lib_a-memmove.o)
 .ARM.attributes
                0x00000000000005ec       0x2c c:/st/stm32cubeide_1.9.0/stm32cubeide/plugins/com.st.stm32cube.ide.mcu.externaltools.gnu-tools-for-stm32.10.3-2021.10.win32_1.0.0.202111181127/tools/bin/../lib/gcc/arm-none-eabi/10.3.1/../../../../arm-none-eabi/lib/thumb/v6-m/nofp\libc_nano.a(lib_a-memset.o)
 .ARM.attributes
                0x0000000000000618       0x2c c:/st/stm32cubeide_1.9.0/stm32cubeide/plugins/com.st.stm32cube.ide.mcu.externaltools.gnu-tools-for-stm32.10.3-2021.10.win32_1.0.0.202111181127/tools/bin/../lib/gcc/arm-none-eabi/10.3.1/../../../../arm-none-eabi/lib/thumb/v6-m/nofp\libc_nano.a(lib_a-nano-callocr.o)
 .ARM.attributes
                0x0000000000000644       0x2c c:/st/stm32cubeide_1.9.0/stm32cubeide/plugins/com.st.stm32cube.ide.mcu.externaltools.gnu-tools-for-stm32.10.3-2021.10.win32_1.0.0.202111181127/tools/bin/../lib/gcc/arm-none-eabi/10.3.1/../../../../arm-none-eabi/lib/thumb/v6-m/nofp\libc_nano.a(lib_a-nano-freer.o)
 .ARM.attributes
                0x0000000000000670       0x2c c:/st/stm32cubeide_1.9.0/stm32cubeide/plugins/com.st.stm32cube.ide.mcu.externaltools.gnu-tools-for-stm32.10.3-2021.10.win32_1.0.0.202111181127/tools/bin/../lib/gcc/arm-none-eabi/10.3.1/../../../../arm-none-eabi/lib/thumb/v6-m/nofp\libc_nano.a(lib_a-nano-mallocr.o)
 .ARM.attributes
                0x000000000000069c       0x2c c:/st/stm32cubeide_1.9.0/stm32cubeide/plugins/com.st.stm32cube.ide.mcu.externaltools.gnu-tools-for-stm32.10.3-2021.10.win32_1.0.0.202111181127/tools/bin/../lib/gcc/arm-none-eabi/10.3.1/../../../../arm-none-eabi/lib/thumb/v6-m/nofp\libc_nano.a(lib_a-sbrkr.o)
 .ARM.attributes
                0x00000000000006c8       0x2c c:/st/stm32cubeide_1.9.0/stm32cubeide/plugins/com.st.stm32cube.ide.mcu.externaltools.gnu-tools-for-stm32.10.3-2021.10.win32_1.0.0.202111181127/tools/bin/../lib/gcc/arm-none-eabi/10.3.1/../../../../arm-none-eabi/lib/thumb/v6-m/nofp\libc_nano.a(lib_a-sprintf.o)
 .ARM.attributes
                0x00000000000006f4       0x1c c:/st/stm32cubeide_1.9.0/stm32cubeide/plugins/com.st.stm32cube.ide.mcu.externaltools.gnu-tools-for-stm32.10.3-2021.10.win32_1.0.0.202111181127/tools/bin/../lib/gcc/arm-none-eabi/10.3.1/../../../../arm-none-eabi/lib/thumb/v6-m/nofp\libc_nano.a(lib_a-strcmp.o)
 .ARM.attributes
                0x0000000000000710       0x2c c:/st/stm32cubeide_1.9.0/stm32cubeide/plugins/com.st.stm32cube.ide.mcu.externaltools.gnu-tools-for-stm32.10.3-2021.10.win32_1.0.0.202111181127/tools/bin/../lib/gcc/arm-none-eabi/10.3.1/../../../../arm-none-eabi/lib/thumb/v6-m/nofp\libc_nano.a(lib_a-strcpy.o)
 .ARM.attributes
                0x000000000000073c       0x2c c:/st/stm32cubeide_1.9.0/stm32cubeide/plugins/com.st.stm32cube.ide.mcu.externaltools.gnu-tools-for-stm32.10.3-2021.10.win32_1.0.0.202111181127/tools/bin/../lib/gcc/arm-none-eabi/10.3.1/../../../../arm-none-eabi/lib/thumb/v6-m/nofp\libc_nano.a(lib_a-mlock.o)
 .ARM.attributes
                0x0000000000000768       0x2c c:/st/stm32cubeide_1.9.0/stm32cubeide/plugins/com.st.stm32cube.ide.mcu.externaltools.gnu-tools-for-stm32.10.3-2021.10.win32_1.0.0.202111181127/tools/bin/../lib/gcc/arm-none-eabi/10.3.1/../../../../arm-none-eabi/lib/thumb/v6-m/nofp\libc_nano.a(lib_a-nano-svfprintf.o)
 .ARM.attributes
                0x0000000000000794       0x2c c:/st/stm32cubeide_1.9.0/stm32cubeide/plugins/com.st.stm32cube.ide.mcu.externaltools.gnu-tools-for-stm32.10.3-2021.10.win32_1.0.0.202111181127/tools/bin/../lib/gcc/arm-none-eabi/10.3.1/../../../../arm-none-eabi/lib/thumb/v6-m/nofp\libc_nano.a(lib_a-nano-vfprintf_i.o)
 .ARM.attributes
                0x00000000000007c0       0x2c c:/st/stm32cubeide_1.9.0/stm32cubeide/plugins/com.st.stm32cube.ide.mcu.externaltools.gnu-tools-for-stm32.10.3-2021.10.win32_1.0.0.202111181127/tools/bin/../lib/gcc/arm-none-eabi/10.3.1/../../../../arm-none-eabi/lib/thumb/v6-m/nofp\libc_nano.a(lib_a-reent.o)
 .ARM.attributes
                0x00000000000007ec       0x2c c:/st/stm32cubeide_1.9.0/stm32cubeide/plugins/com.st.stm32cube.ide.mcu.externaltools.gnu-tools-for-stm32.10.3-2021.10.win32_1.0.0.202111181127/tools/bin/../lib/gcc/arm-none-eabi/10.3.1/../../../../arm-none-eabi/lib/thumb/v6-m/nofp\libc_nano.a(lib_a-lock.o)
 .ARM.attributes
                0x0000000000000818       0x2c c:/st/stm32cubeide_1.9.0/stm32cubeide/plugins/com.st.stm32cube.ide.mcu.externaltools.gnu-tools-for-stm32.10.3-2021.10.win32_1.0.0.202111181127/tools/bin/../lib/gcc/arm-none-eabi/10.3.1/../../../../arm-none-eabi/lib/thumb/v6-m/nofp\libc_nano.a(lib_a-memchr-stub.o)
 .ARM.attributes
                0x0000000000000844       0x2c c:/st/stm32cubeide_1.9.0/stm32cubeide/plugins/com.st.stm32cube.ide.mcu.externaltools.gnu-tools-for-stm32.10.3-2021.10.win32_1.0.0.202111181127/tools/bin/../lib/gcc/arm-none-eabi/10.3.1/../../../../arm-none-eabi/lib/thumb/v6-m/nofp\libc_nano.a(lib_a-nano-reallocr.o)
 .ARM.attributes
                0x0000000000000870       0x2c c:/st/stm32cubeide_1.9.0/stm32cubeide/plugins/com.st.stm32cube.ide.mcu.externaltools.gnu-tools-for-stm32.10.3-2021.10.win32_1.0.0.202111181127/tools/bin/../lib/gcc/arm-none-eabi/10.3.1/../../../../arm-none-eabi/lib/thumb/v6-m/nofp\libc_nano.a(lib_a-nano-msizer.o)
 .ARM.attributes
                0x000000000000089c       0x1e c:/st/stm32cubeide_1.9.0/stm32cubeide/plugins/com.st.stm32cube.ide.mcu.externaltools.gnu-tools-for-stm32.10.3-2021.10.win32_1.0.0.202111181127/tools/bin/../lib/gcc/arm-none-eabi/10.3.1/thumb/v6-m/nofp\libgcc.a(_thumb1_case_uqi.o)
 .ARM.attributes
                0x00000000000008ba       0x1e c:/st/stm32cubeide_1.9.0/stm32cubeide/plugins/com.st.stm32cube.ide.mcu.externaltools.gnu-tools-for-stm32.10.3-2021.10.win32_1.0.0.202111181127/tools/bin/../lib/gcc/arm-none-eabi/10.3.1/thumb/v6-m/nofp\libgcc.a(_thumb1_case_shi.o)
 .ARM.attributes
                0x00000000000008d8       0x1e c:/st/stm32cubeide_1.9.0/stm32cubeide/plugins/com.st.stm32cube.ide.mcu.externaltools.gnu-tools-for-stm32.10.3-2021.10.win32_1.0.0.202111181127/tools/bin/../lib/gcc/arm-none-eabi/10.3.1/thumb/v6-m/nofp\libgcc.a(_udivsi3.o)
 .ARM.attributes
                0x00000000000008f6       0x1e c:/st/stm32cubeide_1.9.0/stm32cubeide/plugins/com.st.stm32cube.ide.mcu.externaltools.gnu-tools-for-stm32.10.3-2021.10.win32_1.0.0.202111181127/tools/bin/../lib/gcc/arm-none-eabi/10.3.1/thumb/v6-m/nofp\libgcc.a(_dvmd_tls.o)
 .ARM.attributes
                0x0000000000000914       0x1e c:/st/stm32cubeide_1.9.0/stm32cubeide/plugins/com.st.stm32cube.ide.mcu.externaltools.gnu-tools-for-stm32.10.3-2021.10.win32_1.0.0.202111181127/tools/bin/../lib/gcc/arm-none-eabi/10.3.1/thumb/v6-m/nofp\libgcc.a(_aeabi_uldivmod.o)
 .ARM.attributes
                0x0000000000000932       0x2c c:/st/stm32cubeide_1.9.0/stm32cubeide/plugins/com.st.stm32cube.ide.mcu.externaltools.gnu-tools-for-stm32.10.3-2021.10.win32_1.0.0.202111181127/tools/bin/../lib/gcc/arm-none-eabi/10.3.1/thumb/v6-m/nofp\libgcc.a(_muldi3.o)
 .ARM.attributes
                0x000000000000095e       0x2c c:/st/stm32cubeide_1.9.0/stm32cubeide/plugins/com.st.stm32cube.ide.mcu.externaltools.gnu-tools-for-stm32.10.3-2021.10.win32_1.0.0.202111181127/tools/bin/../lib/gcc/arm-none-eabi/10.3.1/thumb/v6-m/nofp\libgcc.a(_udivmoddi4.o)
 .ARM.attributes
                0x000000000000098a       0x1e c:/st/stm32cubeide_1.9.0/stm32cubeide/plugins/com.st.stm32cube.ide.mcu.externaltools.gnu-tools-for-stm32.10.3-2021.10.win32_1.0.0.202111181127/tools/bin/../lib/gcc/arm-none-eabi/10.3.1/thumb/v6-m/nofp\libgcc.a(_clzdi2.o)
 .ARM.attributes
                0x00000000000009a8       0x1e c:/st/stm32cubeide_1.9.0/stm32cubeide/plugins/com.st.stm32cube.ide.mcu.externaltools.gnu-tools-for-stm32.10.3-2021.10.win32_1.0.0.202111181127/tools/bin/../lib/gcc/arm-none-eabi/10.3.1/thumb/v6-m/nofp\libgcc.a(_clzsi2.o)
 .ARM.attributes
                0x00000000000009c6       0x1e c:/st/stm32cubeide_1.9.0/stm32cubeide/plugins/com.st.stm32cube.ide.mcu.externaltools.gnu-tools-for-stm32.10.3-2021.10.win32_1.0.0.202111181127/tools/bin/../lib/gcc/arm-none-eabi/10.3.1/thumb/v6-m/nofp/crtn.o
OUTPUT(Parts_Storage_Drawers.elf elf32-littlearm)
LOAD linker stubs
LOAD c:/st/stm32cubeide_1.9.0/stm32cubeide/plugins/com.st.stm32cube.ide.mcu.externaltools.gnu-tools-for-stm32.10.3-2021.10.win32_1.0.0.202111181127/tools/bin/../lib/gcc/arm-none-eabi/10.3.1/../../../../arm-none-eabi/lib/thumb/v6-m/nofp\libc.a
LOAD c:/st/stm32cubeide_1.9.0/stm32cubeide/plugins/com.st.stm32cube.ide.mcu.externaltools.gnu-tools-for-stm32.10.3-2021.10.win32_1.0.0.202111181127/tools/bin/../lib/gcc/arm-none-eabi/10.3.1/../../../../arm-none-eabi/lib/thumb/v6-m/nofp\libm.a
LOAD c:/st/stm32cubeide_1.9.0/stm32cubeide/plugins/com.st.stm32cube.ide.mcu.externaltools.gnu-tools-for-stm32.10.3-2021.10.win32_1.0.0.202111181127/tools/bin/../lib/gcc/arm-none-eabi/10.3.1/thumb/v6-m/nofp\libgcc.a

.debug_info     0x0000000000000000    0x1bdfa
 .debug_info    0x0000000000000000      0xadd ./Core/Src/DS3231.o
 .debug_info    0x0000000000000add      0x801 ./Core/Src/SK6812.o
 .debug_info    0x00000000000012de      0x2dd ./Core/Src/fonts.o
 .debug_info    0x00000000000015bb     0x1eca ./Core/Src/main.o
 .debug_info    0x0000000000003485     0x22f3 ./Core/Src/ssd1306.o
 .debug_info    0x0000000000005778      0x1cc ./Core/Src/stm32l0xx_EEPROM.o
 .debug_info    0x0000000000005944     0x156e ./Core/Src/stm32l0xx_hal_msp.o
 .debug_info    0x0000000000006eb2      0x6e1 ./Core/Src/stm32l0xx_it.o
 .debug_info    0x0000000000007593      0x18e ./Core/Src/sysmem.o
 .debug_info    0x0000000000007721      0x334 ./Core/Src/system_stm32l0xx.o
 .debug_info    0x0000000000007a55     0x34b8 ./Core/Src/task.o
 .debug_info    0x000000000000af0d       0x22 ./Core/Startup/startup_stm32l052k6tx.o
 .debug_info    0x000000000000af2f      0x97f ./Drivers/STM32L0xx_HAL_Driver/Src/stm32l0xx_hal.o
 .debug_info    0x000000000000b8ae     0x106e ./Drivers/STM32L0xx_HAL_Driver/Src/stm32l0xx_hal_adc.o
 .debug_info    0x000000000000c91c      0xa7e ./Drivers/STM32L0xx_HAL_Driver/Src/stm32l0xx_hal_cortex.o
 .debug_info    0x000000000000d39a      0x897 ./Drivers/STM32L0xx_HAL_Driver/Src/stm32l0xx_hal_dma.o
 .debug_info    0x000000000000dc31      0x6d0 ./Drivers/STM32L0xx_HAL_Driver/Src/stm32l0xx_hal_flash.o
 .debug_info    0x000000000000e301      0xe33 ./Drivers/STM32L0xx_HAL_Driver/Src/stm32l0xx_hal_flash_ex.o
 .debug_info    0x000000000000f134      0x6e9 ./Drivers/STM32L0xx_HAL_Driver/Src/stm32l0xx_hal_gpio.o
 .debug_info    0x000000000000f81d     0x3ea1 ./Drivers/STM32L0xx_HAL_Driver/Src/stm32l0xx_hal_i2c.o
 .debug_info    0x00000000000136be      0x914 ./Drivers/STM32L0xx_HAL_Driver/Src/stm32l0xx_hal_i2c_ex.o
 .debug_info    0x0000000000013fd2      0xd1d ./Drivers/STM32L0xx_HAL_Driver/Src/stm32l0xx_hal_rcc.o
 .debug_info    0x0000000000014cef      0x935 ./Drivers/STM32L0xx_HAL_Driver/Src/stm32l0xx_hal_rcc_ex.o
 .debug_info    0x0000000000015624     0x1f3e ./Drivers/STM32L0xx_HAL_Driver/Src/stm32l0xx_hal_spi.o
 .debug_info    0x0000000000017562     0x418e ./Drivers/STM32L0xx_HAL_Driver/Src/stm32l0xx_hal_tim.o
 .debug_info    0x000000000001b6f0      0x70a ./Drivers/STM32L0xx_HAL_Driver/Src/stm32l0xx_hal_tim_ex.o

.debug_abbrev   0x0000000000000000     0x3ee7
 .debug_abbrev  0x0000000000000000      0x1d9 ./Core/Src/DS3231.o
 .debug_abbrev  0x00000000000001d9      0x226 ./Core/Src/SK6812.o
 .debug_abbrev  0x00000000000003ff      0x141 ./Core/Src/fonts.o
 .debug_abbrev  0x0000000000000540      0x384 ./Core/Src/main.o
 .debug_abbrev  0x00000000000008c4      0x3a9 ./Core/Src/ssd1306.o
 .debug_abbrev  0x0000000000000c6d       0xfb ./Core/Src/stm32l0xx_EEPROM.o
 .debug_abbrev  0x0000000000000d68      0x297 ./Core/Src/stm32l0xx_hal_msp.o
 .debug_abbrev  0x0000000000000fff      0x1d6 ./Core/Src/stm32l0xx_it.o
 .debug_abbrev  0x00000000000011d5       0xdd ./Core/Src/sysmem.o
 .debug_abbrev  0x00000000000012b2      0x134 ./Core/Src/system_stm32l0xx.o
 .debug_abbrev  0x00000000000013e6      0x4cf ./Core/Src/task.o
 .debug_abbrev  0x00000000000018b5       0x12 ./Core/Startup/startup_stm32l052k6tx.o
 .debug_abbrev  0x00000000000018c7      0x301 ./Drivers/STM32L0xx_HAL_Driver/Src/stm32l0xx_hal.o
 .debug_abbrev  0x0000000000001bc8      0x2f8 ./Drivers/STM32L0xx_HAL_Driver/Src/stm32l0xx_hal_adc.o
 .debug_abbrev  0x0000000000001ec0      0x2a1 ./Drivers/STM32L0xx_HAL_Driver/Src/stm32l0xx_hal_cortex.o
 .debug_abbrev  0x0000000000002161      0x20f ./Drivers/STM32L0xx_HAL_Driver/Src/stm32l0xx_hal_dma.o
 .debug_abbrev  0x0000000000002370      0x326 ./Drivers/STM32L0xx_HAL_Driver/Src/stm32l0xx_hal_flash.o
 .debug_abbrev  0x0000000000002696      0x342 ./Drivers/STM32L0xx_HAL_Driver/Src/stm32l0xx_hal_flash_ex.o
 .debug_abbrev  0x00000000000029d8      0x1ec ./Drivers/STM32L0xx_HAL_Driver/Src/stm32l0xx_hal_gpio.o
 .debug_abbrev  0x0000000000002bc4      0x3a4 ./Drivers/STM32L0xx_HAL_Driver/Src/stm32l0xx_hal_i2c.o
 .debug_abbrev  0x0000000000002f68      0x1ad ./Drivers/STM32L0xx_HAL_Driver/Src/stm32l0xx_hal_i2c_ex.o
 .debug_abbrev  0x0000000000003115      0x2f5 ./Drivers/STM32L0xx_HAL_Driver/Src/stm32l0xx_hal_rcc.o
 .debug_abbrev  0x000000000000340a      0x242 ./Drivers/STM32L0xx_HAL_Driver/Src/stm32l0xx_hal_rcc_ex.o
 .debug_abbrev  0x000000000000364c      0x366 ./Drivers/STM32L0xx_HAL_Driver/Src/stm32l0xx_hal_spi.o
 .debug_abbrev  0x00000000000039b2      0x386 ./Drivers/STM32L0xx_HAL_Driver/Src/stm32l0xx_hal_tim.o
 .debug_abbrev  0x0000000000003d38      0x1af ./Drivers/STM32L0xx_HAL_Driver/Src/stm32l0xx_hal_tim_ex.o

.debug_loc      0x0000000000000000    0x1149a
 .debug_loc     0x0000000000000000      0x24d ./Core/Src/DS3231.o
 .debug_loc     0x000000000000024d      0x145 ./Core/Src/SK6812.o
 .debug_loc     0x0000000000000392       0x93 ./Core/Src/fonts.o
 .debug_loc     0x0000000000000425     0x15f8 ./Core/Src/ssd1306.o
 .debug_loc     0x0000000000001a1d       0x6f ./Core/Src/stm32l0xx_EEPROM.o
 .debug_loc     0x0000000000001a8c      0x137 ./Core/Src/stm32l0xx_hal_msp.o
 .debug_loc     0x0000000000001bc3       0x69 ./Core/Src/sysmem.o
 .debug_loc     0x0000000000001c2c      0x178 ./Core/Src/system_stm32l0xx.o
 .debug_loc     0x0000000000001da4      0xd6d ./Core/Src/task.o
 .debug_loc     0x0000000000002b11      0x13e ./Drivers/STM32L0xx_HAL_Driver/Src/stm32l0xx_hal.o
 .debug_loc     0x0000000000002c4f      0xc19 ./Drivers/STM32L0xx_HAL_Driver/Src/stm32l0xx_hal_adc.o
 .debug_loc     0x0000000000003868      0x467 ./Drivers/STM32L0xx_HAL_Driver/Src/stm32l0xx_hal_cortex.o
 .debug_loc     0x0000000000003ccf      0x853 ./Drivers/STM32L0xx_HAL_Driver/Src/stm32l0xx_hal_dma.o
 .debug_loc     0x0000000000004522      0x2f6 ./Drivers/STM32L0xx_HAL_Driver/Src/stm32l0xx_hal_flash.o
 .debug_loc     0x0000000000004818      0xb91 ./Drivers/STM32L0xx_HAL_Driver/Src/stm32l0xx_hal_flash_ex.o
 .debug_loc     0x00000000000053a9      0x3dc ./Drivers/STM32L0xx_HAL_Driver/Src/stm32l0xx_hal_gpio.o
 .debug_loc     0x0000000000005785     0x40ab ./Drivers/STM32L0xx_HAL_Driver/Src/stm32l0xx_hal_i2c.o
 .debug_loc     0x0000000000009830      0x1b0 ./Drivers/STM32L0xx_HAL_Driver/Src/stm32l0xx_hal_i2c_ex.o
 .debug_loc     0x00000000000099e0      0x740 ./Drivers/STM32L0xx_HAL_Driver/Src/stm32l0xx_hal_rcc.o
 .debug_loc     0x000000000000a120      0x5df ./Drivers/STM32L0xx_HAL_Driver/Src/stm32l0xx_hal_rcc_ex.o
 .debug_loc     0x000000000000a6ff     0x1ab7 ./Drivers/STM32L0xx_HAL_Driver/Src/stm32l0xx_hal_spi.o
 .debug_loc     0x000000000000c1b6     0x5206 ./Drivers/STM32L0xx_HAL_Driver/Src/stm32l0xx_hal_tim.o
 .debug_loc     0x00000000000113bc       0xde ./Drivers/STM32L0xx_HAL_Driver/Src/stm32l0xx_hal_tim_ex.o

.debug_aranges  0x0000000000000000     0x1000
 .debug_aranges
                0x0000000000000000       0x38 ./Core/Src/DS3231.o
 .debug_aranges
                0x0000000000000038       0x38 ./Core/Src/SK6812.o
 .debug_aranges
                0x0000000000000070       0x20 ./Core/Src/fonts.o
 .debug_aranges
                0x0000000000000090       0x30 ./Core/Src/main.o
 .debug_aranges
                0x00000000000000c0       0xf8 ./Core/Src/ssd1306.o
 .debug_aranges
                0x00000000000001b8       0x28 ./Core/Src/stm32l0xx_EEPROM.o
 .debug_aranges
                0x00000000000001e0       0x60 ./Core/Src/stm32l0xx_hal_msp.o
 .debug_aranges
                0x0000000000000240       0x48 ./Core/Src/stm32l0xx_it.o
 .debug_aranges
                0x0000000000000288       0x20 ./Core/Src/sysmem.o
 .debug_aranges
                0x00000000000002a8       0x28 ./Core/Src/system_stm32l0xx.o
 .debug_aranges
                0x00000000000002d0       0xf8 ./Core/Src/task.o
 .debug_aranges
                0x00000000000003c8       0x28 ./Core/Startup/startup_stm32l052k6tx.o
 .debug_aranges
                0x00000000000003f0      0x108 ./Drivers/STM32L0xx_HAL_Driver/Src/stm32l0xx_hal.o
 .debug_aranges
                0x00000000000004f8       0xd8 ./Drivers/STM32L0xx_HAL_Driver/Src/stm32l0xx_hal_adc.o
 .debug_aranges
                0x00000000000005d0       0x90 ./Drivers/STM32L0xx_HAL_Driver/Src/stm32l0xx_hal_cortex.o
 .debug_aranges
                0x0000000000000660       0x78 ./Drivers/STM32L0xx_HAL_Driver/Src/stm32l0xx_hal_dma.o
 .debug_aranges
                0x00000000000006d8       0x78 ./Drivers/STM32L0xx_HAL_Driver/Src/stm32l0xx_hal_flash.o
 .debug_aranges
                0x0000000000000750       0x98 ./Drivers/STM32L0xx_HAL_Driver/Src/stm32l0xx_hal_flash_ex.o
 .debug_aranges
                0x00000000000007e8       0x58 ./Drivers/STM32L0xx_HAL_Driver/Src/stm32l0xx_hal_gpio.o
 .debug_aranges
                0x0000000000000840      0x240 ./Drivers/STM32L0xx_HAL_Driver/Src/stm32l0xx_hal_i2c.o
 .debug_aranges
                0x0000000000000a80       0x48 ./Drivers/STM32L0xx_HAL_Driver/Src/stm32l0xx_hal_i2c_ex.o
 .debug_aranges
                0x0000000000000ac8       0x80 ./Drivers/STM32L0xx_HAL_Driver/Src/stm32l0xx_hal_rcc.o
 .debug_aranges
                0x0000000000000b48       0x98 ./Drivers/STM32L0xx_HAL_Driver/Src/stm32l0xx_hal_rcc_ex.o
 .debug_aranges
                0x0000000000000be0      0x188 ./Drivers/STM32L0xx_HAL_Driver/Src/stm32l0xx_hal_spi.o
 .debug_aranges
                0x0000000000000d68      0x270 ./Drivers/STM32L0xx_HAL_Driver/Src/stm32l0xx_hal_tim.o
 .debug_aranges
                0x0000000000000fd8       0x28 ./Drivers/STM32L0xx_HAL_Driver/Src/stm32l0xx_hal_tim_ex.o

.debug_ranges   0x0000000000000000     0x1ad0
 .debug_ranges  0x0000000000000000       0x28 ./Core/Src/DS3231.o
 .debug_ranges  0x0000000000000028       0x40 ./Core/Src/SK6812.o
 .debug_ranges  0x0000000000000068       0x10 ./Core/Src/fonts.o
 .debug_ranges  0x0000000000000078      0x2b0 ./Core/Src/main.o
 .debug_ranges  0x0000000000000328      0x110 ./Core/Src/ssd1306.o
 .debug_ranges  0x0000000000000438       0x18 ./Core/Src/stm32l0xx_EEPROM.o
 .debug_ranges  0x0000000000000450       0xb0 ./Core/Src/stm32l0xx_hal_msp.o
 .debug_ranges  0x0000000000000500       0x38 ./Core/Src/stm32l0xx_it.o
 .debug_ranges  0x0000000000000538       0x10 ./Core/Src/sysmem.o
 .debug_ranges  0x0000000000000548       0x18 ./Core/Src/system_stm32l0xx.o
 .debug_ranges  0x0000000000000560      0x358 ./Core/Src/task.o
 .debug_ranges  0x00000000000008b8       0x20 ./Core/Startup/startup_stm32l052k6tx.o
 .debug_ranges  0x00000000000008d8       0xf8 ./Drivers/STM32L0xx_HAL_Driver/Src/stm32l0xx_hal.o
 .debug_ranges  0x00000000000009d0       0xc8 ./Drivers/STM32L0xx_HAL_Driver/Src/stm32l0xx_hal_adc.o
 .debug_ranges  0x0000000000000a98      0x120 ./Drivers/STM32L0xx_HAL_Driver/Src/stm32l0xx_hal_cortex.o
 .debug_ranges  0x0000000000000bb8       0xc8 ./Drivers/STM32L0xx_HAL_Driver/Src/stm32l0xx_hal_dma.o
 .debug_ranges  0x0000000000000c80       0x68 ./Drivers/STM32L0xx_HAL_Driver/Src/stm32l0xx_hal_flash.o
 .debug_ranges  0x0000000000000ce8      0x118 ./Drivers/STM32L0xx_HAL_Driver/Src/stm32l0xx_hal_flash_ex.o
 .debug_ranges  0x0000000000000e00       0x48 ./Drivers/STM32L0xx_HAL_Driver/Src/stm32l0xx_hal_gpio.o
 .debug_ranges  0x0000000000000e48      0x2b0 ./Drivers/STM32L0xx_HAL_Driver/Src/stm32l0xx_hal_i2c.o
 .debug_ranges  0x00000000000010f8       0x38 ./Drivers/STM32L0xx_HAL_Driver/Src/stm32l0xx_hal_i2c_ex.o
 .debug_ranges  0x0000000000001130       0xb8 ./Drivers/STM32L0xx_HAL_Driver/Src/stm32l0xx_hal_rcc.o
 .debug_ranges  0x00000000000011e8       0x88 ./Drivers/STM32L0xx_HAL_Driver/Src/stm32l0xx_hal_rcc_ex.o
 .debug_ranges  0x0000000000001270      0x238 ./Drivers/STM32L0xx_HAL_Driver/Src/stm32l0xx_hal_spi.o
 .debug_ranges  0x00000000000014a8      0x610 ./Drivers/STM32L0xx_HAL_Driver/Src/stm32l0xx_hal_tim.o
 .debug_ranges  0x0000000000001ab8       0x18 ./Drivers/STM32L0xx_HAL_Driver/Src/stm32l0xx_hal_tim_ex.o

.debug_macro    0x0000000000000000    0x166a8
 .debug_macro   0x0000000000000000      0x1f6 ./Core/Src/DS3231.o
 .debug_macro   0x00000000000001f6      0xa54 ./Core/Src/DS3231.o
 .debug_macro   0x0000000000000c4a      0x12b ./Core/Src/DS3231.o
 .debug_macro   0x0000000000000d75       0x2e ./Core/Src/DS3231.o
 .debug_macro   0x0000000000000da3       0x28 ./Core/Src/DS3231.o
 .debug_macro   0x0000000000000dcb       0x22 ./Core/Src/DS3231.o
 .debug_macro   0x0000000000000ded       0x8e ./Core/Src/DS3231.o
 .debug_macro   0x0000000000000e7b       0x51 ./Core/Src/DS3231.o
 .debug_macro   0x0000000000000ecc      0x103 ./Core/Src/DS3231.o
 .debug_macro   0x0000000000000fcf       0x6a ./Core/Src/DS3231.o
 .debug_macro   0x0000000000001039      0x1df ./Core/Src/DS3231.o
 .debug_macro   0x0000000000001218       0x1c ./Core/Src/DS3231.o
 .debug_macro   0x0000000000001234       0x22 ./Core/Src/DS3231.o
 .debug_macro   0x0000000000001256       0xaf ./Core/Src/DS3231.o
 .debug_macro   0x0000000000001305      0x4da ./Core/Src/DS3231.o
 .debug_macro   0x00000000000017df      0x11f ./Core/Src/DS3231.o
 .debug_macro   0x00000000000018fe     0x99d3 ./Core/Src/DS3231.o
 .debug_macro   0x000000000000b2d1       0x66 ./Core/Src/DS3231.o
 .debug_macro   0x000000000000b337     0x355c ./Core/Src/DS3231.o
 .debug_macro   0x000000000000e893      0x174 ./Core/Src/DS3231.o
 .debug_macro   0x000000000000ea07       0x5b ./Core/Src/DS3231.o
 .debug_macro   0x000000000000ea62      0x8d6 ./Core/Src/DS3231.o
 .debug_macro   0x000000000000f338      0x970 ./Core/Src/DS3231.o
 .debug_macro   0x000000000000fca8      0x190 ./Core/Src/DS3231.o
 .debug_macro   0x000000000000fe38      0x13f ./Core/Src/DS3231.o
 .debug_macro   0x000000000000ff77      0x176 ./Core/Src/DS3231.o
 .debug_macro   0x00000000000100ed       0x82 ./Core/Src/DS3231.o
 .debug_macro   0x000000000001016f      0x28e ./Core/Src/DS3231.o
 .debug_macro   0x00000000000103fd      0x1e9 ./Core/Src/DS3231.o
 .debug_macro   0x00000000000105e6      0x4e1 ./Core/Src/DS3231.o
 .debug_macro   0x0000000000010ac7       0x65 ./Core/Src/DS3231.o
 .debug_macro   0x0000000000010b2c      0x129 ./Core/Src/DS3231.o
 .debug_macro   0x0000000000010c55      0x2b4 ./Core/Src/DS3231.o
 .debug_macro   0x0000000000010f09      0x22c ./Core/Src/DS3231.o
 .debug_macro   0x0000000000011135       0x5b ./Core/Src/DS3231.o
 .debug_macro   0x0000000000011190       0xa5 ./Core/Src/DS3231.o
 .debug_macro   0x0000000000011235      0x187 ./Core/Src/DS3231.o
 .debug_macro   0x00000000000113bc       0x16 ./Core/Src/DS3231.o
 .debug_macro   0x00000000000113d2      0x22c ./Core/Src/DS3231.o
 .debug_macro   0x00000000000115fe      0x773 ./Core/Src/DS3231.o
 .debug_macro   0x0000000000011d71       0xcc ./Core/Src/DS3231.o
 .debug_macro   0x0000000000011e3d      0x146 ./Core/Src/DS3231.o
 .debug_macro   0x0000000000011f83       0x40 ./Core/Src/DS3231.o
 .debug_macro   0x0000000000011fc3       0x34 ./Core/Src/DS3231.o
 .debug_macro   0x0000000000011ff7      0x2b9 ./Core/Src/SK6812.o
 .debug_macro   0x00000000000122b0       0x4c ./Core/Src/SK6812.o
 .debug_macro   0x00000000000122fc       0x18 ./Core/Src/SK6812.o
 .debug_macro   0x0000000000012314       0x94 ./Core/Src/SK6812.o
 .debug_macro   0x00000000000123a8       0x3c ./Core/Src/SK6812.o
 .debug_macro   0x00000000000123e4       0x34 ./Core/Src/SK6812.o
 .debug_macro   0x0000000000012418       0x16 ./Core/Src/SK6812.o
 .debug_macro   0x000000000001242e       0x43 ./Core/Src/SK6812.o
 .debug_macro   0x0000000000012471       0x57 ./Core/Src/SK6812.o
 .debug_macro   0x00000000000124c8       0x34 ./Core/Src/SK6812.o
 .debug_macro   0x00000000000124fc       0x10 ./Core/Src/SK6812.o
 .debug_macro   0x000000000001250c       0x58 ./Core/Src/SK6812.o
 .debug_macro   0x0000000000012564       0x71 ./Core/Src/SK6812.o
 .debug_macro   0x00000000000125d5       0x1c ./Core/Src/SK6812.o
 .debug_macro   0x00000000000125f1      0x12a ./Core/Src/SK6812.o
 .debug_macro   0x000000000001271b      0x341 ./Core/Src/SK6812.o
 .debug_macro   0x0000000000012a5c       0x10 ./Core/Src/SK6812.o
 .debug_macro   0x0000000000012a6c       0x35 ./Core/Src/SK6812.o
 .debug_macro   0x0000000000012aa1       0x20 ./Core/Src/SK6812.o