../Core/Src/task.c:60:25:curxy	0	static
../Core/Src/task.c:61:22:init_value	0	static
../Core/Src/task.c:680:17:cate_compare	8	static
../Core/Src/task.c:689:17:store_compare	0	static
../Core/Src/task.c:63:22:get_time	8	static
../Core/Src/task.c:673:17:name_compare	8	static
../Core/Src/task.c:73:6:ssd1306_putsXY	16	static
../Core/Src/task.c:78:6:array_puts	40	static
../Core/Src/task.c:85:6:get_adc	8	static
../Core/Src/task.c:98:6:get_sel	8	static
../Core/Src/task.c:115:9:read_sw	8	static
../Core/Src/task.c:122:6:led_display	8	static
../Core/Src/task.c:253:6:main_menu	128	static
../Core/Src/task.c:131:7:input_string	80	static
../Core/Src/task.c:178:6:logShift	40	static
../Core/Src/task.c:205:9:start	16	static
../Core/Src/task.c:229:6:time_settting	64	static
../Core/Src/task.c:286:6:position_set	56	static
../Core/Src/task.c:314:6:save_mode	160	static
../Core/Src/task.c:360:6:part_refill	72	static
../Core/Src/task.c:378:6:part_use	64	static
../Core/Src/task.c:403:6:use_mode	120	static
../Core/Src/task.c:434:6:find_result	40	dynamic
../Core/Src/task.c:473:6:find_mode	64	static
../Core/Src/task.c:496:6:partition_save	80	static
../Core/Src/task.c:536:6:partition_mode	96	static
../Core/Src/task.c:579:6:log_detail	40	static
../Core/Src/task.c:587:6:log_mode	256	static
../Core/Src/task.c:609:6:by_set	64	static
../Core/Src/task.c:637:6:cate_set	64	static
../Core/Src/task.c:666:15:part_swap	40	static
../Core/Src/task.c:698:15:part_sort	40	static
../Core/Src/task.c:740:15:sort_mode	232	static
../Core/Src/task.c:772:6:PSDrawers_Initialized	40	static
../Core/Src/task.c:828:6:PSDrawers_Main	8	static
../Core/Src/task.c:839:6:HAL_TIM_PeriodElapsedCallback	16	static
