../Core/Src/task.c:58:6:ssd1306_putsXY	16	static
../Core/Src/task.c:63:6:array_puts	40	static
../Core/Src/task.c:70:6:get_time	8	static
../Core/Src/task.c:75:6:set_time	8	static
../Core/Src/task.c:80:6:get_adc	8	static
../Core/Src/task.c:93:6:get_sel	8	static
../Core/Src/task.c:110:9:read_sw	8	static
../Core/Src/task.c:117:6:led_display	8	static
../Core/Src/task.c:255:6:main_menu	128	static
../Core/Src/task.c:127:7:input_string	80	static
../Core/Src/task.c:174:6:logShift	40	static
../Core/Src/task.c:205:9:start	16	static
../Core/Src/task.c:231:6:time_setting	64	static
../Core/Src/task.c:290:6:position_set	56	static
../Core/Src/task.c:317:6:save_mode	168	static
../Core/Src/task.c:364:6:part_refill	72	static
../Core/Src/task.c:382:6:part_use	64	static
../Core/Src/task.c:407:6:use_mode	120	static
../Core/Src/task.c:438:6:find_result	40	dynamic
../Core/Src/task.c:479:6:find_mode	64	static
../Core/Src/task.c:502:6:partition_save	88	static
../Core/Src/task.c:542:6:partition_mode	96	static
../Core/Src/task.c:585:6:log_detail	40	static
../Core/Src/task.c:593:6:log_mode	264	static
../Core/Src/task.c:616:6:part_swap	40	static
../Core/Src/task.c:623:6:part_move	120	static
../Core/Src/task.c:674:6:move_mode	64	static
../Core/Src/task.c:707:6:PSDrawers_Initialized	8	static
../Core/Src/task.c:719:6:PSDrawers_Main	8	static
../Core/Src/task.c:730:6:HAL_TIM_PeriodElapsedCallback	16	static
