../Core/Src/task.c:57:6:ssd1306_putsXY	16	static
../Core/Src/task.c:62:6:array_puts	40	static
../Core/Src/task.c:69:6:get_time	8	static
../Core/Src/task.c:74:6:set_time	8	static
../Core/Src/task.c:79:6:get_adc	8	static
../Core/Src/task.c:92:6:get_sel	8	static
../Core/Src/task.c:109:9:read_sw	8	static
../Core/Src/task.c:116:6:led_display	8	static
../Core/Src/task.c:250:6:main_menu	120	static
../Core/Src/task.c:126:7:input_string	80	static
../Core/Src/task.c:173:6:logShift	40	static
../Core/Src/task.c:200:9:start	16	static
../Core/Src/task.c:226:6:time_setting	64	static
../Core/Src/task.c:285:6:position_set	56	static
../Core/Src/task.c:312:6:save_mode	168	static
../Core/Src/task.c:359:6:part_refill	72	static
../Core/Src/task.c:377:6:part_use	64	static
../Core/Src/task.c:402:6:use_mode	120	static
../Core/Src/task.c:433:6:find_result	40	dynamic
../Core/Src/task.c:474:6:find_mode	64	static
../Core/Src/task.c:497:6:partition_save	88	static
../Core/Src/task.c:537:6:partition_mode	96	static
../Core/Src/task.c:580:6:log_detail	40	static
../Core/Src/task.c:588:6:log_mode	264	static
../Core/Src/task.c:615:6:PSDrawers_Initialized	8	static
../Core/Src/task.c:626:6:PSDrawers_Main	8	static
../Core/Src/task.c:637:6:HAL_TIM_PeriodElapsedCallback	16	static
