../Core/Src/task.c:53:25:curxy	0	static
../Core/Src/task.c:54:22:init_value	0	static
../Core/Src/task.c:56:22:get_time	8	static
../Core/Src/task.c:65:6:ssd1306_putsXY	16	static
../Core/Src/task.c:70:6:array_puts	40	static
../Core/Src/task.c:77:6:get_adc	8	static
../Core/Src/task.c:89:6:get_sel	8	static
../Core/Src/task.c:106:9:read_sw	8	static
../Core/Src/task.c:113:6:led_display	8	static
../Core/Src/task.c:247:6:main_menu	120	static
../Core/Src/task.c:122:7:input_string	80	static
../Core/Src/task.c:170:6:logShift	40	static
../Core/Src/task.c:197:9:start	16	static
../Core/Src/task.c:223:6:time_setting	64	static
../Core/Src/task.c:282:6:position_set	56	static
../Core/Src/task.c:310:6:save_mode	160	static
../Core/Src/task.c:357:6:part_refill	72	static
../Core/Src/task.c:375:6:part_use	64	static
../Core/Src/task.c:400:6:use_mode	120	static
../Core/Src/task.c:431:6:find_reslut	40	dynamic
../Core/Src/task.c:471:6:find_mode	64	static
../Core/Src/task.c:494:6:partition_save	96	static
../Core/Src/task.c:537:6:partition_mode	96	static
../Core/Src/task.c:580:6:log_detail	40	static
../Core/Src/task.c:588:6:log_mode	256	static
../Core/Src/task.c:615:6:PSDrawers_Initialized	8	static
../Core/Src/task.c:626:6:PSDrawers_Main	8	static
../Core/Src/task.c:637:6:HAL_TIM_PeriodElapsedCallback	16	static
