../Core/Src/task.c:65:25:curxy	0	static
../Core/Src/task.c:66:22:init_value	0	static
../Core/Src/task.c:693:17:cate_compare	8	static
../Core/Src/task.c:702:17:store_compare	0	static
../Core/Src/task.c:68:22:get_time	8	static
../Core/Src/task.c:686:17:name_compare	8	static
../Core/Src/task.c:77:15:part_swap	40	static
../Core/Src/task.c:84:6:ssd1306_putsXY	16	static
../Core/Src/task.c:89:6:array_puts	40	static
../Core/Src/task.c:96:6:get_adc	8	static
../Core/Src/task.c:108:6:get_sel	8	static
../Core/Src/task.c:125:9:read_sw	8	static
../Core/Src/task.c:132:6:led_display	8	static
../Core/Src/task.c:266:6:main_menu	128	static
../Core/Src/task.c:141:7:input_string	80	static
../Core/Src/task.c:189:6:logShift	40	static
../Core/Src/task.c:216:9:start	16	static
../Core/Src/task.c:242:6:time_setting	64	static
../Core/Src/task.c:301:6:position_set	56	static
../Core/Src/task.c:329:6:save_mode	160	static
../Core/Src/task.c:375:6:part_refill	72	static
../Core/Src/task.c:393:6:part_use	64	static
../Core/Src/task.c:418:6:use_mode	120	static
../Core/Src/task.c:449:6:find_reslut	40	dynamic
../Core/Src/task.c:489:6:find_mode	64	static
../Core/Src/task.c:512:6:partition_save	96	static
../Core/Src/task.c:555:6:partition_mode	96	static
../Core/Src/task.c:598:6:log_detail	40	static
../Core/Src/task.c:606:6:log_mode	256	static
../Core/Src/task.c:629:6:by_set	64	static
../Core/Src/task.c:657:6:cate_set	72	static
../Core/Src/task.c:711:15:part_sort	40	static
../Core/Src/task.c:753:15:sort_mode	232	static
../Core/Src/task.c:785:6:PSDrawers_Initialized	8	static
../Core/Src/task.c:841:6:PSDrawers_Main	8	static
../Core/Src/task.c:852:6:HAL_TIM_PeriodElapsedCallback	16	static
