../Core/Src/task.c:56:25:curxy	0	static
../Core/Src/task.c:57:22:init_value	0	static
../Core/Src/task.c:59:22:get_time	8	static
../Core/Src/task.c:68:6:ssd1306_putsXY	16	static
../Core/Src/task.c:73:6:array_puts	40	static
../Core/Src/task.c:80:6:get_adc	8	static
../Core/Src/task.c:92:6:get_sel	8	static
../Core/Src/task.c:109:9:read_sw	8	static
../Core/Src/task.c:116:6:led_display	8	static
../Core/Src/task.c:252:6:main_menu	120	static
../Core/Src/task.c:125:7:input_string	104	static
../Core/Src/task.c:175:6:logShift	40	static
../Core/Src/task.c:202:9:start	16	static
../Core/Src/task.c:228:6:time_setting	64	static
../Core/Src/task.c:287:6:position_set	56	static
../Core/Src/task.c:315:6:save_mode	184	static
../Core/Src/task.c:366:6:part_refill	72	static
../Core/Src/task.c:384:6:part_use	64	static
../Core/Src/task.c:419:6:use_mode	120	static
../Core/Src/task.c:450:6:find_reslut	40	dynamic
../Core/Src/task.c:490:6:find_mode	64	static
../Core/Src/task.c:513:6:partition_save	96	static
../Core/Src/task.c:556:6:partition_mode	96	static
../Core/Src/task.c:599:6:log_detail	40	static
../Core/Src/task.c:607:6:log_mode	256	static
../Core/Src/task.c:634:6:PSDrawers_Initialized	8	static
../Core/Src/task.c:645:6:PSDrawers_Main	8	static
../Core/Src/task.c:656:6:HAL_TIM_PeriodElapsedCallback	16	static
