../Core/Src/task.c:697:17:cate_compare	8	static
../Core/Src/task.c:706:17:store_compare	0	static
../Core/Src/task.c:690:17:name_compare	8	static
../Core/Src/task.c:68:6:ssd1306_putsXY	16	static
../Core/Src/task.c:73:6:array_puts	40	static
../Core/Src/task.c:80:6:get_time	8	static
../Core/Src/task.c:85:6:set_time	8	static
../Core/Src/task.c:90:6:get_adc	8	static
../Core/Src/task.c:102:6:get_sel	8	static
../Core/Src/task.c:119:9:read_sw	8	static
../Core/Src/task.c:126:6:led_display	8	static
../Core/Src/task.c:267:6:main_menu	136	static
../Core/Src/task.c:135:7:input_string	80	static
../Core/Src/task.c:183:6:logShift	40	static
../Core/Src/task.c:210:15:part_swap	40	static
../Core/Src/task.c:217:9:start	16	static
../Core/Src/task.c:243:6:time_setting	64	static
../Core/Src/task.c:302:6:position_set	56	static
../Core/Src/task.c:330:6:save_mode	160	static
../Core/Src/task.c:378:6:part_refill	72	static
../Core/Src/task.c:396:6:part_use	72	static
../Core/Src/task.c:421:6:use_mode	128	static
../Core/Src/task.c:453:6:find_reslut	48	dynamic
../Core/Src/task.c:493:6:find_mode	64	static
../Core/Src/task.c:516:6:partition_save	96	static
../Core/Src/task.c:559:6:partition_mode	104	static
../Core/Src/task.c:602:6:log_detail	40	static
../Core/Src/task.c:610:6:log_mode	264	static
../Core/Src/task.c:633:6:by_set	64	static
../Core/Src/task.c:661:6:cate_set	72	static
../Core/Src/task.c:715:15:part_sort	40	static
../Core/Src/task.c:756:15:sort_mode	232	static
../Core/Src/task.c:785:6:play	8	static
../Core/Src/task.c:789:6:PSDrawers_Initialized	32	static
../Core/Src/task.c:850:6:PSDrawers_Main	8	static
../Core/Src/task.c:862:6:HAL_TIM_PeriodElapsedCallback	16	static
