../Core/Src/task.c:52:25:curxy	0	static
../Core/Src/task.c:53:22:init_value	0	static
../Core/Src/task.c:55:22:get_time	8	static
../Core/Src/task.c:65:6:ssd1306_putsXY	16	static
../Core/Src/task.c:70:6:array_puts	40	static
../Core/Src/task.c:77:6:get_adc	8	static
../Core/Src/task.c:90:6:get_sel	8	static
../Core/Src/task.c:107:9:read_sw	8	static
../Core/Src/task.c:114:6:led_display	8	static
../Core/Src/task.c:247:6:main_menu	120	static
../Core/Src/task.c:123:7:input_string	96	static
../Core/Src/task.c:172:6:logShift	40	static
../Core/Src/task.c:199:9:start	16	static
../Core/Src/task.c:223:6:time_settting	64	static
../Core/Src/task.c:280:6:position_set	56	static
../Core/Src/task.c:308:6:save_mode	192	static
../Core/Src/task.c:363:6:part_refill	72	static
../Core/Src/task.c:381:6:part_use	64	static
../Core/Src/task.c:416:6:use_mode	120	static
../Core/Src/task.c:447:6:find_result	40	dynamic
../Core/Src/task.c:486:6:find_mode	64	static
../Core/Src/task.c:509:6:partition_save	96	static
../Core/Src/task.c:549:6:partition_mode	96	static
../Core/Src/task.c:592:6:log_detail	40	static
../Core/Src/task.c:600:6:log_mode	256	static
../Core/Src/task.c:626:6:PSDrawers_Initialized	8	static
../Core/Src/task.c:637:6:PSDrawers_Main	8	static
../Core/Src/task.c:648:6:HAL_TIM_PeriodElapsedCallback	16	static
