../Core/Src/task.c:54:25:curxy	0	static
../Core/Src/task.c:55:22:init_value	0	static
../Core/Src/task.c:57:22:get_time	8	static
../Core/Src/task.c:66:6:ssd1306_putsXY	16	static
../Core/Src/task.c:71:6:array_puts	40	static
../Core/Src/task.c:78:6:get_adc	8	static
../Core/Src/task.c:90:6:get_sel	8	static
../Core/Src/task.c:107:9:read_sw	8	static
../Core/Src/task.c:114:6:led_display	8	static
../Core/Src/task.c:252:6:main_menu	128	static
../Core/Src/task.c:123:7:input_string	80	static
../Core/Src/task.c:171:6:logShift	40	static
../Core/Src/task.c:202:9:start	16	static
../Core/Src/task.c:228:6:time_setting	64	static
../Core/Src/task.c:287:6:position_set	56	static
../Core/Src/task.c:315:6:save_mode	160	static
../Core/Src/task.c:361:6:part_refill	72	static
../Core/Src/task.c:379:6:part_use	64	static
../Core/Src/task.c:404:6:use_mode	120	static
../Core/Src/task.c:435:6:find_reslut	40	dynamic
../Core/Src/task.c:475:6:find_mode	64	static
../Core/Src/task.c:498:6:partition_save	96	static
../Core/Src/task.c:541:6:partition_mode	96	static
../Core/Src/task.c:584:6:log_detail	40	static
../Core/Src/task.c:592:6:log_mode	256	static
../Core/Src/task.c:615:6:part_swap	40	static
../Core/Src/task.c:622:6:part_move	112	static
../Core/Src/task.c:673:6:move_mode	64	static
../Core/Src/task.c:706:6:PSDrawers_Initialized	8	static
../Core/Src/task.c:718:6:PSDrawers_Main	8	static
../Core/Src/task.c:729:6:HAL_TIM_PeriodElapsedCallback	16	static
