../Core/Src/task.c:59:6:ssd1306_putsXY	16	static
../Core/Src/task.c:64:6:array_puts	40	static
../Core/Src/task.c:71:6:get_time	8	static
../Core/Src/task.c:76:6:set_time	8	static
../Core/Src/task.c:81:6:get_adc	8	static
../Core/Src/task.c:93:6:get_sel	8	static
../Core/Src/task.c:110:9:read_sw	8	static
../Core/Src/task.c:117:6:led_display	8	static
../Core/Src/task.c:253:6:main_menu	144	static
../Core/Src/task.c:126:7:input_string	104	static
../Core/Src/task.c:176:6:logShift	40	static
../Core/Src/task.c:203:9:start	16	static
../Core/Src/task.c:229:6:time_setting	64	static
../Core/Src/task.c:288:6:position_set	56	static
../Core/Src/task.c:316:6:save_mode	184	static
../Core/Src/task.c:368:6:part_refill	72	static
../Core/Src/task.c:386:6:part_use	88	static
../Core/Src/task.c:421:6:use_mode	144	static
../Core/Src/task.c:453:6:find_reslut	64	dynamic
../Core/Src/task.c:493:6:find_mode	64	static
../Core/Src/task.c:516:6:partition_save	112	static
../Core/Src/task.c:559:6:partition_mode	120	static
../Core/Src/task.c:602:6:log_detail	40	static
../Core/Src/task.c:610:6:log_mode	264	static
../Core/Src/task.c:634:6:play	8	static
../Core/Src/task.c:638:6:PSDrawers_Initialized	8	static
../Core/Src/task.c:649:6:PSDrawers_Main	8	static
../Core/Src/task.c:661:6:HAL_TIM_PeriodElapsedCallback	16	static
